******************************************************************************
                  TI ARM Linker PC v18.1.4                     
******************************************************************************
>> Linked Tue May 21 11:00:56 2019

OUTPUT FILE NAME:   <test.out>
ENTRY POINT SYMBOL: "_c_int00_noargs"  address: 00004375


MEMORY CONFIGURATION

         name            origin    length      used     unused   attr    fill
----------------------  --------  ---------  --------  --------  ----  --------
  FLASH                 00000000   00040000  00004e08  0003b1f8  R  X
  SRAM                  20000000   00008000  0000056f  00007a91  RW X


SEGMENT ALLOCATION MAP

run origin  load origin   length   init length attrs members
----------  ----------- ---------- ----------- ----- -------
00000000    00000000    00004e10   00004e10    r-x
  00000000    00000000    0000026c   0000026c    r-- .intvecs
  0000026c    0000026c    00004458   00004458    r-x .text
  000046c8    000046c8    00000704   00000704    r-- .const
  00004dd0    00004dd0    00000040   00000040    r-- .cinit
20000000    20000000    00000574   00000000    rw-
  20000000    20000000    0000026c   00000000    rw- .vtable
  20000270    20000270    00000200   00000000    rw- .stack
  20000470    20000470    000000ef   00000000    rw- .bss
  20000560    20000560    00000014   00000000    rw- .data


SECTION ALLOCATION MAP

 output                                  attributes/
section   page    origin      length       input sections
--------  ----  ----------  ----------   ----------------
.intvecs   0    00000000    0000026c     
                  00000000    0000026c     tm4c123gh6pm_startup_ccs.obj (.intvecs)

.text      0    0000026c    00004458     
                  0000026c    00001424     main.obj (.text)
                  00001690    00000738     rtsv7M4_T_le_v4SPD16_eabi.lib : k_rem_pio2.c.obj (.text:__kernel_rem_pio2)
                  00001dc8    000005dc                                   : s_cos.c.obj (.text:cos)
                  000023a4    000005c4                                   : s_sin.c.obj (.text:sin)
                  00002968    0000041c                                   : e_acos.c.obj (.text:acos)
                  00002d84    000002ec                                   : s_atan.c.obj (.text:atan)
                  00003070    000001b6                                   : fd_add_t2.asm.obj (.text)
                  00003226    00000002     --HOLE-- [fill = 0]
                  00003228    00000174                                   : k_sin.c.obj (.text:__kernel_sin)
                  0000339c    0000016c                                   : k_cos.c.obj (.text:__kernel_cos)
                  00003508    00000158                                   : e_sqrt.c.obj (.text:sqrt)
                  00003660    00000136                                   : fd_div_t2.asm.obj (.text)
                  00003796    00000132     driverlib.lib : gpio.obj (.text:GPIOPadConfigSet)
                  000038c8    00000110                   : sysctl.obj (.text:SysCtlClockGet)
                  000039d8    00000110     rtsv7M4_T_le_v4SPD16_eabi.lib : s_scalbn.c.obj (.text:scalbn)
                  00003ae8    000000fc                                   : fd_mul_t2.asm.obj (.text)
                  00003be4    000000f8                                   : s_floor.c.obj (.text:floor)
                  00003cdc    000000f4     driverlib.lib : sysctl.obj (.text:SysCtlClockSet)
                  00003dd0    0000009c     rtsv7M4_T_le_v4SPD16_eabi.lib : memcpy_t2.asm.obj (.text)
                  00003e6c    00000086                                   : fd_cmp_t2.asm.obj (.text:__aeabi_cdcmple)
                  00003ef2    00000086                                   : fd_cmp_t2.asm.obj (.text:__aeabi_cdrcmple)
                  00003f78    00000068     driverlib.lib : interrupt.obj (.text:IntEnable)
                  00003fe0    00000068     rtsv7M4_T_le_v4SPD16_eabi.lib : copy_decompress_lzss.c.obj (.text:decompress:lzss:__TI_decompress_lzss)
                  00004048    00000060     driverlib.lib : timer.obj (.text:TimerConfigure)
                  000040a8    00000056                   : gpio.obj (.text:GPIOIntTypeSet)
                  000040fe    00000002     --HOLE-- [fill = 0]
                  00004100    0000004c                   : timer.obj (.text:_TimerIntNumberGet)
                  0000414c    0000004c     rtsv7M4_T_le_v4SPD16_eabi.lib : atoi.c.obj (.text:atoi)
                  00004198    00000048     driverlib.lib : gpio.obj (.text:GPIOPinConfigure)
                  000041e0    00000048     rtsv7M4_T_le_v4SPD16_eabi.lib : fd_toi_t2.asm.obj (.text)
                  00004228    00000046     driverlib.lib : uart.obj (.text:UARTConfigSetExpClk)
                  0000426e    00000002     --HOLE-- [fill = 0]
                  00004270    00000044     rtsv7M4_T_le_v4SPD16_eabi.lib : autoinit.c.obj (.text:__TI_auto_init_nobinit_nopinit:__TI_auto_init_nobinit_nopinit)
                  000042b4    00000040     driverlib.lib : gpio.obj (.text:_GPIOIntNumberGet)
                  000042f4    00000040                   : uart.obj (.text:_UARTIntNumberGet)
                  00004334    00000040     rtsv7M4_T_le_v4SPD16_eabi.lib : strtok.c.obj (.text:strtok)
                  00004374    00000038                                   : boot_cortex_m.c.obj (.text:_c_int00_noargs:_c_int00_noargs)
                  000043ac    00000034     driverlib.lib : interrupt.obj (.text:IntRegister)
                  000043e0    00000034                   : sysctl.obj (.text:SysCtlPeripheralEnable)
                  00004414    0000002e     rtsv7M4_T_le_v4SPD16_eabi.lib : i_tofd_t2.asm.obj (.text)
                  00004442    0000002a     driverlib.lib : gpio.obj (.text:GPIODirModeSet)
                  0000446c    0000002a     rtsv7M4_T_le_v4SPD16_eabi.lib : strspn.c.obj (.text:strspn)
                  00004496    00000024                                   : strcspn.c.obj (.text:strcspn)
                  000044ba    00000002     --HOLE-- [fill = 0]
                  000044bc    00000020     driverlib.lib : uart.obj (.text:UARTDisable)
                  000044dc    00000020     rtsv7M4_T_le_v4SPD16_eabi.lib : u_tofd_t2.asm.obj (.text)
                  000044fc    00000018     driverlib.lib : gpio.obj (.text:GPIOIntRegister)
                  00004514    00000018                   : gpio.obj (.text:GPIOPinTypeGPIOOutput)
                  0000452c    00000018                   : timer.obj (.text:TimerDisable)
                  00004544    00000018                   : timer.obj (.text:TimerIntRegister)
                  0000455c    00000018                   : uart.obj (.text:UARTIntRegister)
                  00004574    00000014                   : uart.obj (.text:UARTEnable)
                  00004588    00000014     rtsv7M4_T_le_v4SPD16_eabi.lib : s_copysign.c.obj (.text:copysign)
                  0000459c    00000014                                   : strcpy.c.obj (.text:strcpy)
                  000045b0    00000012     driverlib.lib : gpio.obj (.text:GPIOPinTypeGPIOInput)
                  000045c2    00000012                   : gpio.obj (.text:GPIOPinTypeUART)
                  000045d4    00000012                   : timer.obj (.text:TimerLoadSet)
                  000045e6    00000012     rtsv7M4_T_le_v4SPD16_eabi.lib : copy_zero_init.c.obj (.text:decompress:ZI:__TI_zero_init_nomemset:__TI_zero_init_nomemset)
                  000045f8    00000010     driverlib.lib : interrupt.obj (.text:IntMasterEnable)
                  00004608    0000000e                   : gpio.obj (.text:GPIOIntStatus)
                  00004616    0000000e                   : timer.obj (.text:TimerEnable)
                  00004624    0000000e                   : uart.obj (.text:UARTCharsAvail)
                  00004632    0000000e     rtsv7M4_T_le_v4SPD16_eabi.lib : copy_decompress_none.c.obj (.text:decompress:none:__TI_decompress_none)
                  00004640    0000000c     driverlib.lib : cpu.obj (.text:CPUcpsie)
                  0000464c    0000000c                   : gpio.obj (.text:GPIOIntEnable)
                  00004658    0000000c     tm4c123gh6pm_startup_ccs.obj (.text)
                  00004664    0000000a     driverlib.lib : uart.obj (.text:UARTCharGet)
                  0000466e    0000000a                   : uart.obj (.text:UARTCharPut)
                  00004678    0000000a                   : uart.obj (.text:UARTIntStatus)
                  00004682    00000008                   : timer.obj (.text:TimerIntEnable)
                  0000468a    00000008                   : uart.obj (.text:UARTIntEnable)
                  00004692    00000002     --HOLE-- [fill = 0]
                  00004694    00000008     rtsv7M4_T_le_v4SPD16_eabi.lib : errno.c.obj (.text:__aeabi_errno_addr)
                  0000469c    00000006     driverlib.lib : gpio.obj (.text:GPIOIntClear)
                  000046a2    00000006                   : gpio.obj (.text:GPIOPinWrite)
                  000046a8    00000006                   : sysctl.obj (.text:SysCtlDelay)
                  000046ae    00000006                   : uart.obj (.text:UARTClockSourceSet)
                  000046b4    00000004                   : timer.obj (.text:TimerIntClear)
                  000046b8    00000004                   : uart.obj (.text:UARTIntClear)
                  000046bc    00000004     rtsv7M4_T_le_v4SPD16_eabi.lib : pre_init.c.obj (.text:_system_pre_init)
                  000046c0    00000004                                   : exit.c.obj (.text:abort:abort)

.const     0    000046c8    00000704     
                  000046c8    00000158     rtsv7M4_T_le_v4SPD16_eabi.lib : k_rem_pio2.c.obj (.const:$O1$$)
                  00004820    00000101                                   : ctype.c.obj (.const:.string:_ctypes_)
                  00004921    00000003     --HOLE-- [fill = 0]
                  00004924    000000c0     driverlib.lib : gpio.obj (.const:g_ppui32GPIOIntMapBlizzard)
                  000049e4    000000c0                   : gpio.obj (.const:g_ppui32GPIOIntMapSnowflake)
                  00004aa4    00000004     --HOLE-- [fill = 0]
                  00004aa8    00000098     rtsv7M4_T_le_v4SPD16_eabi.lib : s_atan.c.obj (.const:$O1$$)
                  00004b40    00000090     driverlib.lib : gpio.obj (.const:g_pui32GPIOBaseAddrs)
                  00004bd0    00000070                   : interrupt.obj (.const)
                  00004c40    0000006c                   : sysctl.obj (.const:g_pui32Xtals)
                  00004cac    00000060                   : timer.obj (.const:g_ppui32TimerIntMap)
                  00004d0c    00000040                   : timer.obj (.const:g_ppui32TimerIntMapSnowflake)
                  00004d4c    00000040                   : uart.obj (.const:g_ppui32UARTIntMap)
                  00004d8c    00000040                   : uart.obj (.const:g_ppui32UARTIntMapSnowflake)

.cinit     0    00004dd0    00000040     
                  00004dd0    0000000c     (.cinit..data.load) [load image, compression = lzss]
                  00004ddc    0000000c     (__TI_handler_table)
                  00004de8    00000008     (.cinit..bss.load) [load image, compression = zero_init]
                  00004df0    00000008     (.cinit..vtable.load) [load image, compression = zero_init]
                  00004df8    00000018     (__TI_cinit_table)

.init_array 
*          0    00000000    00000000     UNINITIALIZED

.vtable    0    20000000    0000026c     UNINITIALIZED
                  20000000    0000026c     driverlib.lib : interrupt.obj (.vtable)

.bss       0    20000470    000000ef     UNINITIALIZED
                  20000470    00000064     main.obj (.bss:Buff)
                  200004d4    00000014     (.common:chuoi)
                  200004e8    00000014     (.common:chuoi_copy)
                  200004fc    00000004     (.common:chieu_rong)
                  20000500    00000004     (.common:dem_11)
                  20000504    00000004     (.common:dem_12)
                  20000508    00000004     (.common:dem_13)
                  2000050c    00000004     (.common:dem_8)
                  20000510    00000004     (.common:dem_9)
                  20000514    00000004     (.common:khoang_cach_den_robot)
                  20000518    00000004     (.common:phan_loai)
                  2000051c    00000004     (.common:so_xung_1)
                  20000520    00000004     (.common:so_xung_2)
                  20000524    00000004     (.common:so_xung_3)
                  20000528    00000004     (.common:so_xung_4)
                  2000052c    00000004     (.common:so_xung_5)
                  20000530    00000004     (.common:so_xung_6)
                  20000534    00000004     (.common:thoi_gian_den_robot)
                  20000538    00000004     (.common:toa_do_x)
                  2000053c    00000004     (.common:toa_do_y)
                  20000540    00000004     (.common:x_1)
                  20000544    00000004     (.common:x_2)
                  20000548    00000004     (.common:x_3)
                  2000054c    00000004     (.common:x_4)
                  20000550    00000004     (.common:x_5)
                  20000554    00000004     (.common:x_6)
                  20000558    00000001     (.common:goc_dong_co_1)
                  20000559    00000001     (.common:goc_dong_co_2)
                  2000055a    00000001     (.common:goc_dong_co_3)
                  2000055b    00000001     (.common:goc_dong_co_4)
                  2000055c    00000001     (.common:l_2)
                  2000055d    00000001     (.common:l_3)
                  2000055e    00000001     (.common:loi)

.data      0    20000560    00000014     UNINITIALIZED
                  20000560    0000000a     main.obj (.data)
                  2000056a    00000002     --HOLE--
                  2000056c    00000004     rtsv7M4_T_le_v4SPD16_eabi.lib : errno.c.obj (.data)
                  20000570    00000004                                   : strtok.c.obj (.data)

.stack     0    20000270    00000200     UNINITIALIZED
                  20000270    00000004     rtsv7M4_T_le_v4SPD16_eabi.lib : boot_cortex_m.c.obj (.stack)
                  20000274    000001fc     --HOLE--

MODULE SUMMARY

       Module                         code    ro data   rw data
       ------                         ----    -------   -------
    .\
       main.obj                       5156    0         249    
       tm4c123gh6pm_startup_ccs.obj   12      620       0      
    +--+------------------------------+-------+---------+---------+
       Total:                         5168    620       249    
                                                               
    C:/ti/TivaWare_C_Series-2.1.2.111/driverlib/ccs/Debug/driverlib.lib
       gpio.obj                       692     528       0      
       interrupt.obj                  172     112       620    
       sysctl.obj                     574     108       0      
       timer.obj                      264     160       0      
       uart.obj                       272     128       0      
       cpu.obj                        12      0         0      
    +--+------------------------------+-------+---------+---------+
       Total:                         1986    1036      620    
                                                               
    C:\ti\ccsv8\tools\compiler\ti-cgt-arm_18.1.4.LTS\lib\rtsv7M4_T_le_v4SPD16_eabi.lib
       k_rem_pio2.c.obj               1848    344       0      
       s_cos.c.obj                    1500    0         0      
       s_sin.c.obj                    1476    0         0      
       e_acos.c.obj                   1052    0         0      
       s_atan.c.obj                   748     152       0      
       fd_add_t2.asm.obj              438     0         0      
       k_sin.c.obj                    372     0         0      
       k_cos.c.obj                    364     0         0      
       e_sqrt.c.obj                   344     0         0      
       fd_div_t2.asm.obj              310     0         0      
       s_scalbn.c.obj                 272     0         0      
       fd_cmp_t2.asm.obj              268     0         0      
       ctype.c.obj                    0       257       0      
       fd_mul_t2.asm.obj              252     0         0      
       s_floor.c.obj                  248     0         0      
       memcpy_t2.asm.obj              156     0         0      
       copy_decompress_lzss.c.obj     104     0         0      
       atoi.c.obj                     76      0         0      
       fd_toi_t2.asm.obj              72      0         0      
       autoinit.c.obj                 68      0         0      
       strtok.c.obj                   64      0         4      
       boot_cortex_m.c.obj            56      0         0      
       i_tofd_t2.asm.obj              46      0         0      
       strspn.c.obj                   42      0         0      
       strcspn.c.obj                  36      0         0      
       u_tofd_t2.asm.obj              32      0         0      
       s_copysign.c.obj               20      0         0      
       strcpy.c.obj                   20      0         0      
       copy_zero_init.c.obj           18      0         0      
       copy_decompress_none.c.obj     14      0         0      
       errno.c.obj                    8       0         4      
       exit.c.obj                     4       0         0      
       pre_init.c.obj                 4       0         0      
    +--+------------------------------+-------+---------+---------+
       Total:                         10332   753       8      
                                                               
       Stack:                         0       0         512    
       Linker Generated:              0       64        0      
    +--+------------------------------+-------+---------+---------+
       Grand Total:                   17486   2473      1389   


LINKER GENERATED COPY TABLES

__TI_cinit_table @ 00004df8 records: 3, size/record: 8, table size: 24
	.data: load addr=00004dd0, load size=0000000c bytes, run addr=20000560, run size=00000014 bytes, compression=lzss
	.bss: load addr=00004de8, load size=00000008 bytes, run addr=20000470, run size=000000ef bytes, compression=zero_init
	.vtable: load addr=00004df0, load size=00000008 bytes, run addr=20000000, run size=0000026c bytes, compression=zero_init


LINKER GENERATED HANDLER TABLE

__TI_handler_table @ 00004ddc records: 3, size/record: 4, table size: 12
	index: 0, handler: __TI_zero_init
	index: 1, handler: __TI_decompress_lzss
	index: 2, handler: __TI_decompress_none


GLOBAL SYMBOLS: SORTED ALPHABETICALLY BY Name 

address   name                          
-------   ----                          
000046c1  C$$EXIT                       
00004641  CPUcpsie                      
00000a2b  Config_Dong_co_1              
00000a4b  Config_Dong_co_2              
00000a6b  Config_Dong_co_3              
00000a87  Config_Dong_co_4              
00000aa3  Config_Dong_co_5              
00000ac9  Config_Dong_co_6              
00000b35  Config_Switch                 
000008bb  Config_Timer_1                
000008e5  Config_Timer_2                
0000091d  Config_Timer_3                
0000094d  Config_Timer_4                
00000977  Config_Timer_5                
000009a1  Config_Timer_6                
000009cb  Config_Timer_7                
00000a01  Config_Timer_8                
00001541  Config_UART                   
00004443  GPIODirModeSet                
0000469d  GPIOIntClear                  
0000464d  GPIOIntEnable                 
000044fd  GPIOIntRegister               
00004609  GPIOIntStatus                 
000040a9  GPIOIntTypeSet                
00003797  GPIOPadConfigSet              
00004199  GPIOPinConfigure              
000045b1  GPIOPinTypeGPIOInput          
00004515  GPIOPinTypeGPIOOutput         
000045c3  GPIOPinTypeUART               
000046a3  GPIOPinWrite                  
00000af5  Input_ISR                     
00003f79  IntEnable                     
000045f9  IntMasterEnable               
000043ad  IntRegister                   
00004659  ResetISR                      
000038c9  SysCtlClockGet                
00003cdd  SysCtlClockSet                
000046a9  SysCtlDelay                   
000043e1  SysCtlPeripheralEnable        
00004049  TimerConfigure                
0000452d  TimerDisable                  
00004617  TimerEnable                   
000046b5  TimerIntClear                 
00004683  TimerIntEnable                
00004545  TimerIntRegister              
000045d5  TimerLoadSet                  
0000026d  Timer_ISR_1                   
00000343  Timer_ISR_2                   
00000419  Timer_ISR_3                   
000004eb  Timer_ISR_4                   
000005c9  Timer_ISR_5                   
000006b1  Timer_ISR_6                   
00000783  Timer_ISR_7                   
000007c1  Timer_ISR_8                   
00004665  UARTCharGet                   
0000466f  UARTCharPut                   
00004625  UARTCharsAvail                
000046af  UARTClockSourceSet            
00004229  UARTConfigSetExpClk           
000044bd  UARTDisable                   
00004575  UARTEnable                    
00001419  UARTGetBuffer                 
000046b9  UARTIntClear                  
0000468b  UARTIntEnable                 
0000455d  UARTIntRegister               
00004679  UARTIntStatus                 
00001489  UART_ISR                      
20000470  __STACK_END                   
00000200  __STACK_SIZE                  
20000470  __STACK_TOP                   
00004df8  __TI_CINIT_Base               
00004e10  __TI_CINIT_Limit              
00004ddc  __TI_Handler_Table_Base       
00004de8  __TI_Handler_Table_Limit      
00004271  __TI_auto_init_nobinit_nopinit
00003fe1  __TI_decompress_lzss          
00004633  __TI_decompress_none          
ffffffff  __TI_pprof_out_hndl           
ffffffff  __TI_prof_data_size           
ffffffff  __TI_prof_data_start          
00000000  __TI_static_base__            
000045e7  __TI_zero_init_nomemset       
00003e6d  __aeabi_cdcmpeq               
00003e6d  __aeabi_cdcmple               
00003ef3  __aeabi_cdrcmple              
000041e1  __aeabi_d2iz                  
0000307b  __aeabi_dadd                  
00003661  __aeabi_ddiv                  
00003ae9  __aeabi_dmul                  
00003071  __aeabi_dsub                  
00004695  __aeabi_errno_addr            
00004415  __aeabi_i2d                   
00003dd1  __aeabi_memcpy                
00003dd1  __aeabi_memcpy4               
00003dd1  __aeabi_memcpy8               
000044dd  __aeabi_ui2d                  
ffffffff  __binit__                     
ffffffff  __c_args__                    
0000339d  __kernel_cos                  
00001691  __kernel_rem_pio2             
00003229  __kernel_sin                  
UNDEFED   __mpu_init                    
20000270  __stack                       
00004375  _c_int00_noargs               
00004820  _ctypes_                      
UNDEFED   _system_post_cinit            
000046bd  _system_pre_init              
000046c1  abort                         
00002969  acos                          
00002969  acosl                         
00002d85  atan                          
00002d85  atanl                         
0000414d  atoi                          
20000565  bat_dau_qua_trinh             
ffffffff  binit                         
200004fc  chieu_rong                    
00001251  chuan_bi_gap                  
20000560  chuan_bi_gap_status           
000012b3  chuan_bi_tha                  
20000563  chuan_bi_tha_status           
200004d4  chuoi                         
200004e8  chuoi_copy                    
00004589  copysign                      
00004589  copysignl                     
00001dc9  cos                           
00001dc9  cosl                          
20000500  dem_11                        
20000504  dem_12                        
20000508  dem_13                        
2000050c  dem_8                         
20000510  dem_9                         
2000056c  errno                         
00003be5  floor                         
00003be5  floorl                        
20000000  g_pfnRAMVectors               
00000000  g_pfnVectors                  
00001283  gap                           
20000561  gap_status                    
20000558  goc_dong_co_1                 
20000559  goc_dong_co_2                 
2000055a  goc_dong_co_3                 
2000055b  goc_dong_co_4                 
20000514  khoang_cach_den_robot         
2000055c  l_2                           
2000055d  l_3                           
000039d9  ldexp                         
000039d9  ldexpl                        
2000055e  loi                           
000015b9  main                          
00003dd1  memcpy                        
20000518  phan_loai                     
00000e69  quay                          
00000b8d  quay_dong_co_1                
00000bfd  quay_dong_co_2                
00000c6d  quay_dong_co_3                
00000ced  quay_dong_co_4                
00000d55  quay_dong_co_5                
00000dc1  quay_dong_co_6                
000039d9  scalbn                        
000039d9  scalbnl                       
000023a5  sin                           
000023a5  sinl                          
20000566  so_qua                        
2000051c  so_xung_1                     
20000520  so_xung_2                     
20000524  so_xung_3                     
20000528  so_xung_4                     
2000052c  so_xung_5                     
20000530  so_xung_6                     
00003509  sqrt                          
00003509  sqrtl                         
0000459d  strcpy                        
00004497  strcspn                       
0000446d  strspn                        
00004335  strtok                        
00001389  tha                           
20000564  tha_status                    
20000534  thoi_gian_den_robot           
20000538  toa_do_x                      
2000053c  toa_do_y                      
0000128d  trung_gian                    
20000562  trung_gian_status             
20000540  x_1                           
20000544  x_2                           
20000548  x_3                           
2000054c  x_4                           
20000550  x_5                           
20000554  x_6                           
00001399  xu_li_chuoi                   


GLOBAL SYMBOLS: SORTED BY Symbol Address 

address   name                          
-------   ----                          
00000000  __TI_static_base__            
00000000  g_pfnVectors                  
00000200  __STACK_SIZE                  
0000026d  Timer_ISR_1                   
00000343  Timer_ISR_2                   
00000419  Timer_ISR_3                   
000004eb  Timer_ISR_4                   
000005c9  Timer_ISR_5                   
000006b1  Timer_ISR_6                   
00000783  Timer_ISR_7                   
000007c1  Timer_ISR_8                   
000008bb  Config_Timer_1                
000008e5  Config_Timer_2                
0000091d  Config_Timer_3                
0000094d  Config_Timer_4                
00000977  Config_Timer_5                
000009a1  Config_Timer_6                
000009cb  Config_Timer_7                
00000a01  Config_Timer_8                
00000a2b  Config_Dong_co_1              
00000a4b  Config_Dong_co_2              
00000a6b  Config_Dong_co_3              
00000a87  Config_Dong_co_4              
00000aa3  Config_Dong_co_5              
00000ac9  Config_Dong_co_6              
00000af5  Input_ISR                     
00000b35  Config_Switch                 
00000b8d  quay_dong_co_1                
00000bfd  quay_dong_co_2                
00000c6d  quay_dong_co_3                
00000ced  quay_dong_co_4                
00000d55  quay_dong_co_5                
00000dc1  quay_dong_co_6                
00000e69  quay                          
00001251  chuan_bi_gap                  
00001283  gap                           
0000128d  trung_gian                    
000012b3  chuan_bi_tha                  
00001389  tha                           
00001399  xu_li_chuoi                   
00001419  UARTGetBuffer                 
00001489  UART_ISR                      
00001541  Config_UART                   
000015b9  main                          
00001691  __kernel_rem_pio2             
00001dc9  cos                           
00001dc9  cosl                          
000023a5  sin                           
000023a5  sinl                          
00002969  acos                          
00002969  acosl                         
00002d85  atan                          
00002d85  atanl                         
00003071  __aeabi_dsub                  
0000307b  __aeabi_dadd                  
00003229  __kernel_sin                  
0000339d  __kernel_cos                  
00003509  sqrt                          
00003509  sqrtl                         
00003661  __aeabi_ddiv                  
00003797  GPIOPadConfigSet              
000038c9  SysCtlClockGet                
000039d9  ldexp                         
000039d9  ldexpl                        
000039d9  scalbn                        
000039d9  scalbnl                       
00003ae9  __aeabi_dmul                  
00003be5  floor                         
00003be5  floorl                        
00003cdd  SysCtlClockSet                
00003dd1  __aeabi_memcpy                
00003dd1  __aeabi_memcpy4               
00003dd1  __aeabi_memcpy8               
00003dd1  memcpy                        
00003e6d  __aeabi_cdcmpeq               
00003e6d  __aeabi_cdcmple               
00003ef3  __aeabi_cdrcmple              
00003f79  IntEnable                     
00003fe1  __TI_decompress_lzss          
00004049  TimerConfigure                
000040a9  GPIOIntTypeSet                
0000414d  atoi                          
00004199  GPIOPinConfigure              
000041e1  __aeabi_d2iz                  
00004229  UARTConfigSetExpClk           
00004271  __TI_auto_init_nobinit_nopinit
00004335  strtok                        
00004375  _c_int00_noargs               
000043ad  IntRegister                   
000043e1  SysCtlPeripheralEnable        
00004415  __aeabi_i2d                   
00004443  GPIODirModeSet                
0000446d  strspn                        
00004497  strcspn                       
000044bd  UARTDisable                   
000044dd  __aeabi_ui2d                  
000044fd  GPIOIntRegister               
00004515  GPIOPinTypeGPIOOutput         
0000452d  TimerDisable                  
00004545  TimerIntRegister              
0000455d  UARTIntRegister               
00004575  UARTEnable                    
00004589  copysign                      
00004589  copysignl                     
0000459d  strcpy                        
000045b1  GPIOPinTypeGPIOInput          
000045c3  GPIOPinTypeUART               
000045d5  TimerLoadSet                  
000045e7  __TI_zero_init_nomemset       
000045f9  IntMasterEnable               
00004609  GPIOIntStatus                 
00004617  TimerEnable                   
00004625  UARTCharsAvail                
00004633  __TI_decompress_none          
00004641  CPUcpsie                      
0000464d  GPIOIntEnable                 
00004659  ResetISR                      
00004665  UARTCharGet                   
0000466f  UARTCharPut                   
00004679  UARTIntStatus                 
00004683  TimerIntEnable                
0000468b  UARTIntEnable                 
00004695  __aeabi_errno_addr            
0000469d  GPIOIntClear                  
000046a3  GPIOPinWrite                  
000046a9  SysCtlDelay                   
000046af  UARTClockSourceSet            
000046b5  TimerIntClear                 
000046b9  UARTIntClear                  
000046bd  _system_pre_init              
000046c1  C$$EXIT                       
000046c1  abort                         
00004820  _ctypes_                      
00004ddc  __TI_Handler_Table_Base       
00004de8  __TI_Handler_Table_Limit      
00004df8  __TI_CINIT_Base               
00004e10  __TI_CINIT_Limit              
20000000  g_pfnRAMVectors               
20000270  __stack                       
20000470  __STACK_END                   
20000470  __STACK_TOP                   
200004d4  chuoi                         
200004e8  chuoi_copy                    
200004fc  chieu_rong                    
20000500  dem_11                        
20000504  dem_12                        
20000508  dem_13                        
2000050c  dem_8                         
20000510  dem_9                         
20000514  khoang_cach_den_robot         
20000518  phan_loai                     
2000051c  so_xung_1                     
20000520  so_xung_2                     
20000524  so_xung_3                     
20000528  so_xung_4                     
2000052c  so_xung_5                     
20000530  so_xung_6                     
20000534  thoi_gian_den_robot           
20000538  toa_do_x                      
2000053c  toa_do_y                      
20000540  x_1                           
20000544  x_2                           
20000548  x_3                           
2000054c  x_4                           
20000550  x_5                           
20000554  x_6                           
20000558  goc_dong_co_1                 
20000559  goc_dong_co_2                 
2000055a  goc_dong_co_3                 
2000055b  goc_dong_co_4                 
2000055c  l_2                           
2000055d  l_3                           
2000055e  loi                           
20000560  chuan_bi_gap_status           
20000561  gap_status                    
20000562  trung_gian_status             
20000563  chuan_bi_tha_status           
20000564  tha_status                    
20000565  bat_dau_qua_trinh             
20000566  so_qua                        
2000056c  errno                         
ffffffff  __TI_pprof_out_hndl           
ffffffff  __TI_prof_data_size           
ffffffff  __TI_prof_data_start          
ffffffff  __binit__                     
ffffffff  __c_args__                    
ffffffff  binit                         
UNDEFED   __mpu_init                    
UNDEFED   _system_post_cinit            

[189 symbols]
