<?xml version="1.0" encoding="ISO-8859-1" ?>
<link_info>
   <banner>TI ARM Linker PC v18.1.4.LTS</banner>
   <copyright>Copyright (c) 1996-2018 Texas Instruments Incorporated</copyright>
   <link_time>0x5ce377f8</link_time>
   <link_errors>0x0</link_errors>
   <output_file>test.out</output_file>
   <entry_point>
      <name>_c_int00_noargs</name>
      <address>0x4375</address>
   </entry_point>
   <input_file_list>
      <input_file id="fl-2">
         <path>.\</path>
         <kind>object</kind>
         <file>main.obj</file>
         <name>main.obj</name>
      </input_file>
      <input_file id="fl-3">
         <path>.\</path>
         <kind>object</kind>
         <file>tm4c123gh6pm_startup_ccs.obj</file>
         <name>tm4c123gh6pm_startup_ccs.obj</name>
      </input_file>
      <input_file id="fl-8">
         <kind>object</kind>
         <file>&lt;internal&gt;</file>
         <name>&lt;internal&gt;</name>
      </input_file>
      <input_file id="fl-9">
         <path>C:\ti\TivaWare_C_Series-2.1.2.111\driverlib\ccs\Debug\</path>
         <kind>archive</kind>
         <file>driverlib.lib</file>
         <name>gpio.obj</name>
      </input_file>
      <input_file id="fl-a">
         <path>C:\ti\TivaWare_C_Series-2.1.2.111\driverlib\ccs\Debug\</path>
         <kind>archive</kind>
         <file>driverlib.lib</file>
         <name>interrupt.obj</name>
      </input_file>
      <input_file id="fl-b">
         <path>C:\ti\TivaWare_C_Series-2.1.2.111\driverlib\ccs\Debug\</path>
         <kind>archive</kind>
         <file>driverlib.lib</file>
         <name>sysctl.obj</name>
      </input_file>
      <input_file id="fl-c">
         <path>C:\ti\TivaWare_C_Series-2.1.2.111\driverlib\ccs\Debug\</path>
         <kind>archive</kind>
         <file>driverlib.lib</file>
         <name>timer.obj</name>
      </input_file>
      <input_file id="fl-d">
         <path>C:\ti\TivaWare_C_Series-2.1.2.111\driverlib\ccs\Debug\</path>
         <kind>archive</kind>
         <file>driverlib.lib</file>
         <name>uart.obj</name>
      </input_file>
      <input_file id="fl-e">
         <path>C:\ti\TivaWare_C_Series-2.1.2.111\driverlib\ccs\Debug\</path>
         <kind>archive</kind>
         <file>driverlib.lib</file>
         <name>cpu.obj</name>
      </input_file>
      <input_file id="fl-c4">
         <path>C:\ti\ccsv8\tools\compiler\ti-cgt-arm_18.1.4.LTS\lib\</path>
         <kind>archive</kind>
         <file>rtsv7M4_T_le_v4SPD16_eabi.lib</file>
         <name>e_acos.c.obj</name>
      </input_file>
      <input_file id="fl-c5">
         <path>C:\ti\ccsv8\tools\compiler\ti-cgt-arm_18.1.4.LTS\lib\</path>
         <kind>archive</kind>
         <file>rtsv7M4_T_le_v4SPD16_eabi.lib</file>
         <name>e_sqrt.c.obj</name>
      </input_file>
      <input_file id="fl-c6">
         <path>C:\ti\ccsv8\tools\compiler\ti-cgt-arm_18.1.4.LTS\lib\</path>
         <kind>archive</kind>
         <file>rtsv7M4_T_le_v4SPD16_eabi.lib</file>
         <name>s_atan.c.obj</name>
      </input_file>
      <input_file id="fl-c7">
         <path>C:\ti\ccsv8\tools\compiler\ti-cgt-arm_18.1.4.LTS\lib\</path>
         <kind>archive</kind>
         <file>rtsv7M4_T_le_v4SPD16_eabi.lib</file>
         <name>s_cos.c.obj</name>
      </input_file>
      <input_file id="fl-c8">
         <path>C:\ti\ccsv8\tools\compiler\ti-cgt-arm_18.1.4.LTS\lib\</path>
         <kind>archive</kind>
         <file>rtsv7M4_T_le_v4SPD16_eabi.lib</file>
         <name>s_sin.c.obj</name>
      </input_file>
      <input_file id="fl-c9">
         <path>C:\ti\ccsv8\tools\compiler\ti-cgt-arm_18.1.4.LTS\lib\</path>
         <kind>archive</kind>
         <file>rtsv7M4_T_le_v4SPD16_eabi.lib</file>
         <name>fd_add_t2.asm.obj</name>
      </input_file>
      <input_file id="fl-ca">
         <path>C:\ti\ccsv8\tools\compiler\ti-cgt-arm_18.1.4.LTS\lib\</path>
         <kind>archive</kind>
         <file>rtsv7M4_T_le_v4SPD16_eabi.lib</file>
         <name>fd_cmp_t2.asm.obj</name>
      </input_file>
      <input_file id="fl-cb">
         <path>C:\ti\ccsv8\tools\compiler\ti-cgt-arm_18.1.4.LTS\lib\</path>
         <kind>archive</kind>
         <file>rtsv7M4_T_le_v4SPD16_eabi.lib</file>
         <name>fd_div_t2.asm.obj</name>
      </input_file>
      <input_file id="fl-cc">
         <path>C:\ti\ccsv8\tools\compiler\ti-cgt-arm_18.1.4.LTS\lib\</path>
         <kind>archive</kind>
         <file>rtsv7M4_T_le_v4SPD16_eabi.lib</file>
         <name>fd_mul_t2.asm.obj</name>
      </input_file>
      <input_file id="fl-cd">
         <path>C:\ti\ccsv8\tools\compiler\ti-cgt-arm_18.1.4.LTS\lib\</path>
         <kind>archive</kind>
         <file>rtsv7M4_T_le_v4SPD16_eabi.lib</file>
         <name>fd_toi_t2.asm.obj</name>
      </input_file>
      <input_file id="fl-ce">
         <path>C:\ti\ccsv8\tools\compiler\ti-cgt-arm_18.1.4.LTS\lib\</path>
         <kind>archive</kind>
         <file>rtsv7M4_T_le_v4SPD16_eabi.lib</file>
         <name>i_tofd_t2.asm.obj</name>
      </input_file>
      <input_file id="fl-cf">
         <path>C:\ti\ccsv8\tools\compiler\ti-cgt-arm_18.1.4.LTS\lib\</path>
         <kind>archive</kind>
         <file>rtsv7M4_T_le_v4SPD16_eabi.lib</file>
         <name>u_tofd_t2.asm.obj</name>
      </input_file>
      <input_file id="fl-d0">
         <path>C:\ti\ccsv8\tools\compiler\ti-cgt-arm_18.1.4.LTS\lib\</path>
         <kind>archive</kind>
         <file>rtsv7M4_T_le_v4SPD16_eabi.lib</file>
         <name>copy_zero_init.c.obj</name>
      </input_file>
      <input_file id="fl-d1">
         <path>C:\ti\ccsv8\tools\compiler\ti-cgt-arm_18.1.4.LTS\lib\</path>
         <kind>archive</kind>
         <file>rtsv7M4_T_le_v4SPD16_eabi.lib</file>
         <name>copy_decompress_none.c.obj</name>
      </input_file>
      <input_file id="fl-d2">
         <path>C:\ti\ccsv8\tools\compiler\ti-cgt-arm_18.1.4.LTS\lib\</path>
         <kind>archive</kind>
         <file>rtsv7M4_T_le_v4SPD16_eabi.lib</file>
         <name>copy_decompress_lzss.c.obj</name>
      </input_file>
      <input_file id="fl-d3">
         <path>C:\ti\ccsv8\tools\compiler\ti-cgt-arm_18.1.4.LTS\lib\</path>
         <kind>archive</kind>
         <file>rtsv7M4_T_le_v4SPD16_eabi.lib</file>
         <name>errno.c.obj</name>
      </input_file>
      <input_file id="fl-d4">
         <path>C:\ti\ccsv8\tools\compiler\ti-cgt-arm_18.1.4.LTS\lib\</path>
         <kind>archive</kind>
         <file>rtsv7M4_T_le_v4SPD16_eabi.lib</file>
         <name>boot_cortex_m.c.obj</name>
      </input_file>
      <input_file id="fl-d5">
         <path>C:\ti\ccsv8\tools\compiler\ti-cgt-arm_18.1.4.LTS\lib\</path>
         <kind>archive</kind>
         <file>rtsv7M4_T_le_v4SPD16_eabi.lib</file>
         <name>exit.c.obj</name>
      </input_file>
      <input_file id="fl-d6">
         <path>C:\ti\ccsv8\tools\compiler\ti-cgt-arm_18.1.4.LTS\lib\</path>
         <kind>archive</kind>
         <file>rtsv7M4_T_le_v4SPD16_eabi.lib</file>
         <name>_lock.c.obj</name>
      </input_file>
      <input_file id="fl-d7">
         <path>C:\ti\ccsv8\tools\compiler\ti-cgt-arm_18.1.4.LTS\lib\</path>
         <kind>archive</kind>
         <file>rtsv7M4_T_le_v4SPD16_eabi.lib</file>
         <name>args_main.c.obj</name>
      </input_file>
      <input_file id="fl-d8">
         <path>C:\ti\ccsv8\tools\compiler\ti-cgt-arm_18.1.4.LTS\lib\</path>
         <kind>archive</kind>
         <file>rtsv7M4_T_le_v4SPD16_eabi.lib</file>
         <name>atoi.c.obj</name>
      </input_file>
      <input_file id="fl-d9">
         <path>C:\ti\ccsv8\tools\compiler\ti-cgt-arm_18.1.4.LTS\lib\</path>
         <kind>archive</kind>
         <file>rtsv7M4_T_le_v4SPD16_eabi.lib</file>
         <name>ctype.c.obj</name>
      </input_file>
      <input_file id="fl-da">
         <path>C:\ti\ccsv8\tools\compiler\ti-cgt-arm_18.1.4.LTS\lib\</path>
         <kind>archive</kind>
         <file>rtsv7M4_T_le_v4SPD16_eabi.lib</file>
         <name>strcpy.c.obj</name>
      </input_file>
      <input_file id="fl-db">
         <path>C:\ti\ccsv8\tools\compiler\ti-cgt-arm_18.1.4.LTS\lib\</path>
         <kind>archive</kind>
         <file>rtsv7M4_T_le_v4SPD16_eabi.lib</file>
         <name>strtok.c.obj</name>
      </input_file>
      <input_file id="fl-dc">
         <path>C:\ti\ccsv8\tools\compiler\ti-cgt-arm_18.1.4.LTS\lib\</path>
         <kind>archive</kind>
         <file>rtsv7M4_T_le_v4SPD16_eabi.lib</file>
         <name>k_rem_pio2.c.obj</name>
      </input_file>
      <input_file id="fl-dd">
         <path>C:\ti\ccsv8\tools\compiler\ti-cgt-arm_18.1.4.LTS\lib\</path>
         <kind>archive</kind>
         <file>rtsv7M4_T_le_v4SPD16_eabi.lib</file>
         <name>k_cos.c.obj</name>
      </input_file>
      <input_file id="fl-de">
         <path>C:\ti\ccsv8\tools\compiler\ti-cgt-arm_18.1.4.LTS\lib\</path>
         <kind>archive</kind>
         <file>rtsv7M4_T_le_v4SPD16_eabi.lib</file>
         <name>k_sin.c.obj</name>
      </input_file>
      <input_file id="fl-df">
         <path>C:\ti\ccsv8\tools\compiler\ti-cgt-arm_18.1.4.LTS\lib\</path>
         <kind>archive</kind>
         <file>rtsv7M4_T_le_v4SPD16_eabi.lib</file>
         <name>s_floor.c.obj</name>
      </input_file>
      <input_file id="fl-e0">
         <path>C:\ti\ccsv8\tools\compiler\ti-cgt-arm_18.1.4.LTS\lib\</path>
         <kind>archive</kind>
         <file>rtsv7M4_T_le_v4SPD16_eabi.lib</file>
         <name>s_scalbn.c.obj</name>
      </input_file>
      <input_file id="fl-e1">
         <path>C:\ti\ccsv8\tools\compiler\ti-cgt-arm_18.1.4.LTS\lib\</path>
         <kind>archive</kind>
         <file>rtsv7M4_T_le_v4SPD16_eabi.lib</file>
         <name>memcpy_t2.asm.obj</name>
      </input_file>
      <input_file id="fl-e2">
         <path>C:\ti\ccsv8\tools\compiler\ti-cgt-arm_18.1.4.LTS\lib\</path>
         <kind>archive</kind>
         <file>rtsv7M4_T_le_v4SPD16_eabi.lib</file>
         <name>memset_t2.asm.obj</name>
      </input_file>
      <input_file id="fl-e3">
         <path>C:\ti\ccsv8\tools\compiler\ti-cgt-arm_18.1.4.LTS\lib\</path>
         <kind>archive</kind>
         <file>rtsv7M4_T_le_v4SPD16_eabi.lib</file>
         <name>autoinit.c.obj</name>
      </input_file>
      <input_file id="fl-e4">
         <path>C:\ti\ccsv8\tools\compiler\ti-cgt-arm_18.1.4.LTS\lib\</path>
         <kind>archive</kind>
         <file>rtsv7M4_T_le_v4SPD16_eabi.lib</file>
         <name>pre_init.c.obj</name>
      </input_file>
      <input_file id="fl-e5">
         <path>C:\ti\ccsv8\tools\compiler\ti-cgt-arm_18.1.4.LTS\lib\</path>
         <kind>archive</kind>
         <file>rtsv7M4_T_le_v4SPD16_eabi.lib</file>
         <name>cpy_tbl.c.obj</name>
      </input_file>
      <input_file id="fl-e6">
         <path>C:\ti\ccsv8\tools\compiler\ti-cgt-arm_18.1.4.LTS\lib\</path>
         <kind>archive</kind>
         <file>rtsv7M4_T_le_v4SPD16_eabi.lib</file>
         <name>strcspn.c.obj</name>
      </input_file>
      <input_file id="fl-e7">
         <path>C:\ti\ccsv8\tools\compiler\ti-cgt-arm_18.1.4.LTS\lib\</path>
         <kind>archive</kind>
         <file>rtsv7M4_T_le_v4SPD16_eabi.lib</file>
         <name>strspn.c.obj</name>
      </input_file>
      <input_file id="fl-e8">
         <path>C:\ti\ccsv8\tools\compiler\ti-cgt-arm_18.1.4.LTS\lib\</path>
         <kind>archive</kind>
         <file>rtsv7M4_T_le_v4SPD16_eabi.lib</file>
         <name>s_copysign.c.obj</name>
      </input_file>
   </input_file_list>
   <object_component_list>
      <object_component id="oc-f">
         <name>.intvecs</name>
         <load_address>0x0</load_address>
         <run_address>0x0</run_address>
         <size>0x26c</size>
         <input_file_ref idref="fl-3"/>
      </object_component>
      <object_component id="oc-98">
         <name>.text</name>
         <load_address>0x26c</load_address>
         <run_address>0x26c</run_address>
         <size>0x1424</size>
         <input_file_ref idref="fl-2"/>
      </object_component>
      <object_component id="oc-2a4">
         <name>.text:__kernel_rem_pio2</name>
         <load_address>0x1690</load_address>
         <run_address>0x1690</run_address>
         <size>0x738</size>
         <input_file_ref idref="fl-dc"/>
      </object_component>
      <object_component id="oc-18d">
         <name>.text:cos</name>
         <load_address>0x1dc8</load_address>
         <run_address>0x1dc8</run_address>
         <size>0x5dc</size>
         <input_file_ref idref="fl-c7"/>
      </object_component>
      <object_component id="oc-193">
         <name>.text:sin</name>
         <load_address>0x23a4</load_address>
         <run_address>0x23a4</run_address>
         <size>0x5c4</size>
         <input_file_ref idref="fl-c8"/>
      </object_component>
      <object_component id="oc-182">
         <name>.text:acos</name>
         <load_address>0x2968</load_address>
         <run_address>0x2968</run_address>
         <size>0x41c</size>
         <input_file_ref idref="fl-c4"/>
      </object_component>
      <object_component id="oc-15d">
         <name>.text:atan</name>
         <load_address>0x2d84</load_address>
         <run_address>0x2d84</run_address>
         <size>0x2ec</size>
         <input_file_ref idref="fl-c6"/>
      </object_component>
      <object_component id="oc-16d">
         <name>.text</name>
         <load_address>0x3070</load_address>
         <run_address>0x3070</run_address>
         <size>0x1b6</size>
         <input_file_ref idref="fl-c9"/>
      </object_component>
      <object_component id="oc-2aa">
         <name>.text:__kernel_sin</name>
         <load_address>0x3228</load_address>
         <run_address>0x3228</run_address>
         <size>0x174</size>
         <input_file_ref idref="fl-de"/>
      </object_component>
      <object_component id="oc-29e">
         <name>.text:__kernel_cos</name>
         <load_address>0x339c</load_address>
         <run_address>0x339c</run_address>
         <size>0x16c</size>
         <input_file_ref idref="fl-dd"/>
      </object_component>
      <object_component id="oc-17c">
         <name>.text:sqrt</name>
         <load_address>0x3508</load_address>
         <run_address>0x3508</run_address>
         <size>0x158</size>
         <input_file_ref idref="fl-c5"/>
      </object_component>
      <object_component id="oc-158">
         <name>.text</name>
         <load_address>0x3660</load_address>
         <run_address>0x3660</run_address>
         <size>0x136</size>
         <input_file_ref idref="fl-cb"/>
      </object_component>
      <object_component id="oc-138">
         <name>.text:GPIOPadConfigSet</name>
         <load_address>0x3796</load_address>
         <run_address>0x3796</run_address>
         <size>0x132</size>
         <input_file_ref idref="fl-9"/>
      </object_component>
      <object_component id="oc-cc">
         <name>.text:SysCtlClockGet</name>
         <load_address>0x38c8</load_address>
         <run_address>0x38c8</run_address>
         <size>0x110</size>
         <input_file_ref idref="fl-b"/>
      </object_component>
      <object_component id="oc-350">
         <name>.text:scalbn</name>
         <load_address>0x39d8</load_address>
         <run_address>0x39d8</run_address>
         <size>0x110</size>
         <input_file_ref idref="fl-e0"/>
      </object_component>
      <object_component id="oc-163">
         <name>.text</name>
         <load_address>0x3ae8</load_address>
         <run_address>0x3ae8</run_address>
         <size>0xfc</size>
         <input_file_ref idref="fl-cc"/>
      </object_component>
      <object_component id="oc-356">
         <name>.text:floor</name>
         <load_address>0x3be4</load_address>
         <run_address>0x3be4</run_address>
         <size>0xf8</size>
         <input_file_ref idref="fl-df"/>
      </object_component>
      <object_component id="oc-1ef">
         <name>.text:SysCtlClockSet</name>
         <load_address>0x3cdc</load_address>
         <run_address>0x3cdc</run_address>
         <size>0xf4</size>
         <input_file_ref idref="fl-b"/>
      </object_component>
      <object_component id="oc-38">
         <name>.text</name>
         <load_address>0x3dd0</load_address>
         <run_address>0x3dd0</run_address>
         <size>0x9c</size>
         <input_file_ref idref="fl-e1"/>
      </object_component>
      <object_component id="oc-168">
         <name>.text:__aeabi_cdcmple</name>
         <load_address>0x3e6c</load_address>
         <run_address>0x3e6c</run_address>
         <size>0x86</size>
         <input_file_ref idref="fl-ca"/>
      </object_component>
      <object_component id="oc-153">
         <name>.text:__aeabi_cdrcmple</name>
         <load_address>0x3ef2</load_address>
         <run_address>0x3ef2</run_address>
         <size>0x86</size>
         <input_file_ref idref="fl-ca"/>
      </object_component>
      <object_component id="oc-104">
         <name>.text:IntEnable</name>
         <load_address>0x3f78</load_address>
         <run_address>0x3f78</run_address>
         <size>0x68</size>
         <input_file_ref idref="fl-a"/>
      </object_component>
      <object_component id="oc-12">
         <name>.text:decompress:lzss:__TI_decompress_lzss</name>
         <load_address>0x3fe0</load_address>
         <run_address>0x3fe0</run_address>
         <size>0x68</size>
         <input_file_ref idref="fl-d2"/>
      </object_component>
      <object_component id="oc-f8">
         <name>.text:TimerConfigure</name>
         <load_address>0x4048</load_address>
         <run_address>0x4048</run_address>
         <size>0x60</size>
         <input_file_ref idref="fl-c"/>
      </object_component>
      <object_component id="oc-13e">
         <name>.text:GPIOIntTypeSet</name>
         <load_address>0x40a8</load_address>
         <run_address>0x40a8</run_address>
         <size>0x56</size>
         <input_file_ref idref="fl-9"/>
      </object_component>
      <object_component id="oc-259">
         <name>.text:_TimerIntNumberGet</name>
         <load_address>0x4100</load_address>
         <run_address>0x4100</run_address>
         <size>0x4c</size>
         <input_file_ref idref="fl-c"/>
      </object_component>
      <object_component id="oc-1a8">
         <name>.text:atoi</name>
         <load_address>0x414c</load_address>
         <run_address>0x414c</run_address>
         <size>0x4c</size>
         <input_file_ref idref="fl-d8"/>
      </object_component>
      <object_component id="oc-1cb">
         <name>.text:GPIOPinConfigure</name>
         <load_address>0x4198</load_address>
         <run_address>0x4198</run_address>
         <size>0x48</size>
         <input_file_ref idref="fl-9"/>
      </object_component>
      <object_component id="oc-172">
         <name>.text</name>
         <load_address>0x41e0</load_address>
         <run_address>0x41e0</run_address>
         <size>0x48</size>
         <input_file_ref idref="fl-cd"/>
      </object_component>
      <object_component id="oc-1dd">
         <name>.text:UARTConfigSetExpClk</name>
         <load_address>0x4228</load_address>
         <run_address>0x4228</run_address>
         <size>0x46</size>
         <input_file_ref idref="fl-d"/>
      </object_component>
      <object_component id="oc-211">
         <name>.text:__TI_auto_init_nobinit_nopinit:__TI_auto_init_nobinit_nopinit</name>
         <load_address>0x4270</load_address>
         <run_address>0x4270</run_address>
         <size>0x44</size>
         <input_file_ref idref="fl-e3"/>
      </object_component>
      <object_component id="oc-27b">
         <name>.text:_GPIOIntNumberGet</name>
         <load_address>0x42b4</load_address>
         <run_address>0x42b4</run_address>
         <size>0x40</size>
         <input_file_ref idref="fl-9"/>
      </object_component>
      <object_component id="oc-2e3">
         <name>.text:_UARTIntNumberGet</name>
         <load_address>0x42f4</load_address>
         <run_address>0x42f4</run_address>
         <size>0x40</size>
         <input_file_ref idref="fl-d"/>
      </object_component>
      <object_component id="oc-19c">
         <name>.text:strtok</name>
         <load_address>0x4334</load_address>
         <run_address>0x4334</run_address>
         <size>0x40</size>
         <input_file_ref idref="fl-db"/>
      </object_component>
      <object_component id="oc-56">
         <name>.text:_c_int00_noargs:_c_int00_noargs</name>
         <load_address>0x4374</load_address>
         <run_address>0x4374</run_address>
         <size>0x38</size>
         <input_file_ref idref="fl-d4"/>
      </object_component>
      <object_component id="oc-25f">
         <name>.text:IntRegister</name>
         <load_address>0x43ac</load_address>
         <run_address>0x43ac</run_address>
         <size>0x34</size>
         <input_file_ref idref="fl-a"/>
      </object_component>
      <object_component id="oc-f2">
         <name>.text:SysCtlPeripheralEnable</name>
         <load_address>0x43e0</load_address>
         <run_address>0x43e0</run_address>
         <size>0x34</size>
         <input_file_ref idref="fl-b"/>
      </object_component>
      <object_component id="oc-177">
         <name>.text</name>
         <load_address>0x4414</load_address>
         <run_address>0x4414</run_address>
         <size>0x2e</size>
         <input_file_ref idref="fl-ce"/>
      </object_component>
      <object_component id="oc-26c">
         <name>.text:GPIODirModeSet</name>
         <load_address>0x4442</load_address>
         <run_address>0x4442</run_address>
         <size>0x2a</size>
         <input_file_ref idref="fl-9"/>
      </object_component>
      <object_component id="oc-2b4">
         <name>.text:strspn</name>
         <load_address>0x446c</load_address>
         <run_address>0x446c</run_address>
         <size>0x2a</size>
         <input_file_ref idref="fl-e7"/>
      </object_component>
      <object_component id="oc-2ba">
         <name>.text:strcspn</name>
         <load_address>0x4496</load_address>
         <run_address>0x4496</run_address>
         <size>0x24</size>
         <input_file_ref idref="fl-e6"/>
      </object_component>
      <object_component id="oc-2d6">
         <name>.text:UARTDisable</name>
         <load_address>0x44bc</load_address>
         <run_address>0x44bc</run_address>
         <size>0x20</size>
         <input_file_ref idref="fl-d"/>
      </object_component>
      <object_component id="oc-188">
         <name>.text</name>
         <load_address>0x44dc</load_address>
         <run_address>0x44dc</run_address>
         <size>0x20</size>
         <input_file_ref idref="fl-cf"/>
      </object_component>
      <object_component id="oc-144">
         <name>.text:GPIOIntRegister</name>
         <load_address>0x44fc</load_address>
         <run_address>0x44fc</run_address>
         <size>0x18</size>
         <input_file_ref idref="fl-9"/>
      </object_component>
      <object_component id="oc-114">
         <name>.text:GPIOPinTypeGPIOOutput</name>
         <load_address>0x4514</load_address>
         <run_address>0x4514</run_address>
         <size>0x18</size>
         <input_file_ref idref="fl-9"/>
      </object_component>
      <object_component id="oc-e2">
         <name>.text:TimerDisable</name>
         <load_address>0x452c</load_address>
         <run_address>0x452c</run_address>
         <size>0x18</size>
         <input_file_ref idref="fl-c"/>
      </object_component>
      <object_component id="oc-fe">
         <name>.text:TimerIntRegister</name>
         <load_address>0x4544</load_address>
         <run_address>0x4544</run_address>
         <size>0x18</size>
         <input_file_ref idref="fl-c"/>
      </object_component>
      <object_component id="oc-1e3">
         <name>.text:UARTIntRegister</name>
         <load_address>0x455c</load_address>
         <run_address>0x455c</run_address>
         <size>0x18</size>
         <input_file_ref idref="fl-d"/>
      </object_component>
      <object_component id="oc-2dc">
         <name>.text:UARTEnable</name>
         <load_address>0x4574</load_address>
         <run_address>0x4574</run_address>
         <size>0x14</size>
         <input_file_ref idref="fl-d"/>
      </object_component>
      <object_component id="oc-3bb">
         <name>.text:copysign</name>
         <load_address>0x4588</load_address>
         <run_address>0x4588</run_address>
         <size>0x14</size>
         <input_file_ref idref="fl-e8"/>
      </object_component>
      <object_component id="oc-1a2">
         <name>.text:strcpy</name>
         <load_address>0x459c</load_address>
         <run_address>0x459c</run_address>
         <size>0x14</size>
         <input_file_ref idref="fl-da"/>
      </object_component>
      <object_component id="oc-132">
         <name>.text:GPIOPinTypeGPIOInput</name>
         <load_address>0x45b0</load_address>
         <run_address>0x45b0</run_address>
         <size>0x12</size>
         <input_file_ref idref="fl-9"/>
      </object_component>
      <object_component id="oc-1d1">
         <name>.text:GPIOPinTypeUART</name>
         <load_address>0x45c2</load_address>
         <run_address>0x45c2</run_address>
         <size>0x12</size>
         <input_file_ref idref="fl-9"/>
      </object_component>
      <object_component id="oc-d8">
         <name>.text:TimerLoadSet</name>
         <load_address>0x45d4</load_address>
         <run_address>0x45d4</run_address>
         <size>0x12</size>
         <input_file_ref idref="fl-c"/>
      </object_component>
      <object_component id="oc-44">
         <name>.text:decompress:ZI:__TI_zero_init_nomemset:__TI_zero_init_nomemset</name>
         <load_address>0x45e6</load_address>
         <run_address>0x45e6</run_address>
         <size>0x12</size>
         <input_file_ref idref="fl-d0"/>
      </object_component>
      <object_component id="oc-1f5">
         <name>.text:IntMasterEnable</name>
         <load_address>0x45f8</load_address>
         <run_address>0x45f8</run_address>
         <size>0x10</size>
         <input_file_ref idref="fl-a"/>
      </object_component>
      <object_component id="oc-11f">
         <name>.text:GPIOIntStatus</name>
         <load_address>0x4608</load_address>
         <run_address>0x4608</run_address>
         <size>0xe</size>
         <input_file_ref idref="fl-9"/>
      </object_component>
      <object_component id="oc-12b">
         <name>.text:TimerEnable</name>
         <load_address>0x4616</load_address>
         <run_address>0x4616</run_address>
         <size>0xe</size>
         <input_file_ref idref="fl-c"/>
      </object_component>
      <object_component id="oc-1b7">
         <name>.text:UARTCharsAvail</name>
         <load_address>0x4624</load_address>
         <run_address>0x4624</run_address>
         <size>0xe</size>
         <input_file_ref idref="fl-d"/>
      </object_component>
      <object_component id="oc-18">
         <name>.text:decompress:none:__TI_decompress_none</name>
         <load_address>0x4632</load_address>
         <run_address>0x4632</run_address>
         <size>0xe</size>
         <input_file_ref idref="fl-d1"/>
      </object_component>
      <object_component id="oc-2ed">
         <name>.text:CPUcpsie</name>
         <load_address>0x4640</load_address>
         <run_address>0x4640</run_address>
         <size>0xc</size>
         <input_file_ref idref="fl-e"/>
      </object_component>
      <object_component id="oc-14a">
         <name>.text:GPIOIntEnable</name>
         <load_address>0x464c</load_address>
         <run_address>0x464c</run_address>
         <size>0xc</size>
         <input_file_ref idref="fl-9"/>
      </object_component>
      <object_component id="oc-24">
         <name>.text</name>
         <load_address>0x4658</load_address>
         <run_address>0x4658</run_address>
         <size>0xc</size>
         <input_file_ref idref="fl-3"/>
      </object_component>
      <object_component id="oc-1b1">
         <name>.text:UARTCharGet</name>
         <load_address>0x4664</load_address>
         <run_address>0x4664</run_address>
         <size>0xa</size>
         <input_file_ref idref="fl-d"/>
      </object_component>
      <object_component id="oc-e8">
         <name>.text:UARTCharPut</name>
         <load_address>0x466e</load_address>
         <run_address>0x466e</run_address>
         <size>0xa</size>
         <input_file_ref idref="fl-d"/>
      </object_component>
      <object_component id="oc-1be">
         <name>.text:UARTIntStatus</name>
         <load_address>0x4678</load_address>
         <run_address>0x4678</run_address>
         <size>0xa</size>
         <input_file_ref idref="fl-d"/>
      </object_component>
      <object_component id="oc-10a">
         <name>.text:TimerIntEnable</name>
         <load_address>0x4682</load_address>
         <run_address>0x4682</run_address>
         <size>0x8</size>
         <input_file_ref idref="fl-c"/>
      </object_component>
      <object_component id="oc-1e9">
         <name>.text:UARTIntEnable</name>
         <load_address>0x468a</load_address>
         <run_address>0x468a</run_address>
         <size>0x8</size>
         <input_file_ref idref="fl-d"/>
      </object_component>
      <object_component id="oc-293">
         <name>.text:__aeabi_errno_addr</name>
         <load_address>0x4694</load_address>
         <run_address>0x4694</run_address>
         <size>0x8</size>
         <input_file_ref idref="fl-d3"/>
      </object_component>
      <object_component id="oc-125">
         <name>.text:GPIOIntClear</name>
         <load_address>0x469c</load_address>
         <run_address>0x469c</run_address>
         <size>0x6</size>
         <input_file_ref idref="fl-9"/>
      </object_component>
      <object_component id="oc-d2">
         <name>.text:GPIOPinWrite</name>
         <load_address>0x46a2</load_address>
         <run_address>0x46a2</run_address>
         <size>0x6</size>
         <input_file_ref idref="fl-9"/>
      </object_component>
      <object_component id="oc-2eb">
         <name>.text:SysCtlDelay</name>
         <load_address>0x46a8</load_address>
         <run_address>0x46a8</run_address>
         <size>0x6</size>
         <input_file_ref idref="fl-b"/>
      </object_component>
      <object_component id="oc-1d7">
         <name>.text:UARTClockSourceSet</name>
         <load_address>0x46ae</load_address>
         <run_address>0x46ae</run_address>
         <size>0x6</size>
         <input_file_ref idref="fl-d"/>
      </object_component>
      <object_component id="oc-c6">
         <name>.text:TimerIntClear</name>
         <load_address>0x46b4</load_address>
         <run_address>0x46b4</run_address>
         <size>0x4</size>
         <input_file_ref idref="fl-c"/>
      </object_component>
      <object_component id="oc-1c4">
         <name>.text:UARTIntClear</name>
         <load_address>0x46b8</load_address>
         <run_address>0x46b8</run_address>
         <size>0x4</size>
         <input_file_ref idref="fl-d"/>
      </object_component>
      <object_component id="oc-92">
         <name>.text:_system_pre_init</name>
         <load_address>0x46bc</load_address>
         <run_address>0x46bc</run_address>
         <size>0x4</size>
         <input_file_ref idref="fl-e4"/>
      </object_component>
      <object_component id="oc-205">
         <name>.text:abort:abort</name>
         <load_address>0x46c0</load_address>
         <run_address>0x46c0</run_address>
         <size>0x4</size>
         <input_file_ref idref="fl-d5"/>
      </object_component>
      <object_component id="oc-35c">
         <name>.const:$O1$$</name>
         <load_address>0x46c8</load_address>
         <run_address>0x46c8</run_address>
         <size>0x158</size>
         <input_file_ref idref="fl-dc"/>
      </object_component>
      <object_component id="oc-2c7">
         <name>.const:.string:_ctypes_</name>
         <load_address>0x4820</load_address>
         <run_address>0x4820</run_address>
         <size>0x101</size>
         <input_file_ref idref="fl-d9"/>
      </object_component>
      <object_component id="oc-335">
         <name>.const:g_ppui32GPIOIntMapBlizzard</name>
         <load_address>0x4924</load_address>
         <run_address>0x4924</run_address>
         <size>0xc0</size>
         <input_file_ref idref="fl-9"/>
      </object_component>
      <object_component id="oc-338">
         <name>.const:g_ppui32GPIOIntMapSnowflake</name>
         <load_address>0x49e4</load_address>
         <run_address>0x49e4</run_address>
         <size>0xc0</size>
         <input_file_ref idref="fl-9"/>
      </object_component>
      <object_component id="oc-285">
         <name>.const:$O1$$</name>
         <load_address>0x4aa8</load_address>
         <run_address>0x4aa8</run_address>
         <size>0x98</size>
         <input_file_ref idref="fl-c6"/>
      </object_component>
      <object_component id="oc-2d0">
         <name>.const:g_pui32GPIOBaseAddrs</name>
         <load_address>0x4b40</load_address>
         <run_address>0x4b40</run_address>
         <size>0x90</size>
         <input_file_ref idref="fl-9"/>
      </object_component>
      <object_component id="oc-266">
         <name>.const</name>
         <load_address>0x4bd0</load_address>
         <run_address>0x4bd0</run_address>
         <size>0x70</size>
         <input_file_ref idref="fl-a"/>
      </object_component>
      <object_component id="oc-24c">
         <name>.const:g_pui32Xtals</name>
         <load_address>0x4c40</load_address>
         <run_address>0x4c40</run_address>
         <size>0x6c</size>
         <input_file_ref idref="fl-b"/>
      </object_component>
      <object_component id="oc-325">
         <name>.const:g_ppui32TimerIntMap</name>
         <load_address>0x4cac</load_address>
         <run_address>0x4cac</run_address>
         <size>0x60</size>
         <input_file_ref idref="fl-c"/>
      </object_component>
      <object_component id="oc-328">
         <name>.const:g_ppui32TimerIntMapSnowflake</name>
         <load_address>0x4d0c</load_address>
         <run_address>0x4d0c</run_address>
         <size>0x40</size>
         <input_file_ref idref="fl-c"/>
      </object_component>
      <object_component id="oc-380">
         <name>.const:g_ppui32UARTIntMap</name>
         <load_address>0x4d4c</load_address>
         <run_address>0x4d4c</run_address>
         <size>0x40</size>
         <input_file_ref idref="fl-d"/>
      </object_component>
      <object_component id="oc-383">
         <name>.const:g_ppui32UARTIntMapSnowflake</name>
         <load_address>0x4d8c</load_address>
         <run_address>0x4d8c</run_address>
         <size>0x40</size>
         <input_file_ref idref="fl-d"/>
      </object_component>
      <object_component id="oc-418">
         <name>.cinit..data.load</name>
         <load_address>0x4dd0</load_address>
         <run_address>0x4dd0</run_address>
         <size>0xc</size>
      </object_component>
      <object_component id="oc-415">
         <name>__TI_handler_table</name>
         <load_address>0x4ddc</load_address>
         <run_address>0x4ddc</run_address>
         <size>0xc</size>
      </object_component>
      <object_component id="oc-419">
         <name>.cinit..bss.load</name>
         <load_address>0x4de8</load_address>
         <run_address>0x4de8</run_address>
         <size>0x8</size>
      </object_component>
      <object_component id="oc-417">
         <name>.cinit..vtable.load</name>
         <load_address>0x4df0</load_address>
         <run_address>0x4df0</run_address>
         <size>0x8</size>
      </object_component>
      <object_component id="oc-416">
         <name>__TI_cinit_table</name>
         <load_address>0x4df8</load_address>
         <run_address>0x4df8</run_address>
         <size>0x18</size>
      </object_component>
      <object_component id="oc-32c">
         <name>.vtable</name>
         <uninitialized>true</uninitialized>
         <run_address>0x20000000</run_address>
         <size>0x26c</size>
         <input_file_ref idref="fl-a"/>
      </object_component>
      <object_component id="oc-11a">
         <name>.data</name>
         <load_address>0x20000560</load_address>
         <run_address>0x20000560</run_address>
         <size>0xa</size>
         <input_file_ref idref="fl-2"/>
      </object_component>
      <object_component id="oc-345">
         <name>.data</name>
         <load_address>0x2000056c</load_address>
         <run_address>0x2000056c</run_address>
         <size>0x4</size>
         <input_file_ref idref="fl-d3"/>
      </object_component>
      <object_component id="oc-2c0">
         <name>.data</name>
         <load_address>0x20000570</load_address>
         <run_address>0x20000570</run_address>
         <size>0x4</size>
         <input_file_ref idref="fl-db"/>
      </object_component>
      <object_component id="oc-200">
         <name>.bss:Buff</name>
         <uninitialized>true</uninitialized>
         <run_address>0x20000470</run_address>
         <size>0x64</size>
         <input_file_ref idref="fl-2"/>
      </object_component>
      <object_component id="oc-de">
         <name>.common:so_xung_1</name>
         <uninitialized>true</uninitialized>
         <run_address>0x2000051c</run_address>
         <size>0x4</size>
      </object_component>
      <object_component id="oc-e0">
         <name>.common:so_xung_2</name>
         <uninitialized>true</uninitialized>
         <run_address>0x20000520</run_address>
         <size>0x4</size>
      </object_component>
      <object_component id="oc-ee">
         <name>.common:so_xung_3</name>
         <uninitialized>true</uninitialized>
         <run_address>0x20000524</run_address>
         <size>0x4</size>
      </object_component>
      <object_component id="oc-f0">
         <name>.common:so_xung_4</name>
         <uninitialized>true</uninitialized>
         <run_address>0x20000528</run_address>
         <size>0x4</size>
      </object_component>
      <object_component id="oc-110">
         <name>.common:so_xung_5</name>
         <uninitialized>true</uninitialized>
         <run_address>0x2000052c</run_address>
         <size>0x4</size>
      </object_component>
      <object_component id="oc-112">
         <name>.common:so_xung_6</name>
         <uninitialized>true</uninitialized>
         <run_address>0x20000530</run_address>
         <size>0x4</size>
      </object_component>
      <object_component id="oc-df">
         <name>.common:x_1</name>
         <uninitialized>true</uninitialized>
         <run_address>0x20000540</run_address>
         <size>0x4</size>
      </object_component>
      <object_component id="oc-e1">
         <name>.common:x_2</name>
         <uninitialized>true</uninitialized>
         <run_address>0x20000544</run_address>
         <size>0x4</size>
      </object_component>
      <object_component id="oc-ef">
         <name>.common:x_3</name>
         <uninitialized>true</uninitialized>
         <run_address>0x20000548</run_address>
         <size>0x4</size>
      </object_component>
      <object_component id="oc-f1">
         <name>.common:x_4</name>
         <uninitialized>true</uninitialized>
         <run_address>0x2000054c</run_address>
         <size>0x4</size>
      </object_component>
      <object_component id="oc-111">
         <name>.common:x_5</name>
         <uninitialized>true</uninitialized>
         <run_address>0x20000550</run_address>
         <size>0x4</size>
      </object_component>
      <object_component id="oc-113">
         <name>.common:x_6</name>
         <uninitialized>true</uninitialized>
         <run_address>0x20000554</run_address>
         <size>0x4</size>
      </object_component>
      <object_component id="oc-11d">
         <name>.common:dem_8</name>
         <uninitialized>true</uninitialized>
         <run_address>0x2000050c</run_address>
         <size>0x4</size>
      </object_component>
      <object_component id="oc-131">
         <name>.common:dem_9</name>
         <uninitialized>true</uninitialized>
         <run_address>0x20000510</run_address>
         <size>0x4</size>
      </object_component>
      <object_component id="oc-150">
         <name>.common:dem_11</name>
         <uninitialized>true</uninitialized>
         <run_address>0x20000500</run_address>
         <size>0x4</size>
      </object_component>
      <object_component id="oc-151">
         <name>.common:dem_12</name>
         <uninitialized>true</uninitialized>
         <run_address>0x20000504</run_address>
         <size>0x4</size>
      </object_component>
      <object_component id="oc-152">
         <name>.common:dem_13</name>
         <uninitialized>true</uninitialized>
         <run_address>0x20000508</run_address>
         <size>0x4</size>
      </object_component>
      <object_component id="oc-199">
         <name>.common:l_2</name>
         <uninitialized>true</uninitialized>
         <run_address>0x2000055c</run_address>
         <size>0x1</size>
      </object_component>
      <object_component id="oc-19a">
         <name>.common:l_3</name>
         <uninitialized>true</uninitialized>
         <run_address>0x2000055d</run_address>
         <size>0x1</size>
      </object_component>
      <object_component id="oc-1bd">
         <name>.common:loi</name>
         <uninitialized>true</uninitialized>
         <run_address>0x2000055e</run_address>
         <size>0x1</size>
      </object_component>
      <object_component id="oc-19b">
         <name>.common:goc_dong_co_1</name>
         <uninitialized>true</uninitialized>
         <run_address>0x20000558</run_address>
         <size>0x1</size>
      </object_component>
      <object_component id="oc-1ae">
         <name>.common:goc_dong_co_2</name>
         <uninitialized>true</uninitialized>
         <run_address>0x20000559</run_address>
         <size>0x1</size>
      </object_component>
      <object_component id="oc-1af">
         <name>.common:goc_dong_co_3</name>
         <uninitialized>true</uninitialized>
         <run_address>0x2000055a</run_address>
         <size>0x1</size>
      </object_component>
      <object_component id="oc-1b0">
         <name>.common:goc_dong_co_4</name>
         <uninitialized>true</uninitialized>
         <run_address>0x2000055b</run_address>
         <size>0x1</size>
      </object_component>
      <object_component id="oc-1fb">
         <name>.common:toa_do_x</name>
         <uninitialized>true</uninitialized>
         <run_address>0x20000538</run_address>
         <size>0x4</size>
      </object_component>
      <object_component id="oc-1fc">
         <name>.common:toa_do_y</name>
         <uninitialized>true</uninitialized>
         <run_address>0x2000053c</run_address>
         <size>0x4</size>
      </object_component>
      <object_component id="oc-1fd">
         <name>.common:chieu_rong</name>
         <uninitialized>true</uninitialized>
         <run_address>0x200004fc</run_address>
         <size>0x4</size>
      </object_component>
      <object_component id="oc-1ca">
         <name>.common:phan_loai</name>
         <uninitialized>true</uninitialized>
         <run_address>0x20000518</run_address>
         <size>0x4</size>
      </object_component>
      <object_component id="oc-203">
         <name>.common:khoang_cach_den_robot</name>
         <uninitialized>true</uninitialized>
         <run_address>0x20000514</run_address>
         <size>0x4</size>
      </object_component>
      <object_component id="oc-11e">
         <name>.common:thoi_gian_den_robot</name>
         <uninitialized>true</uninitialized>
         <run_address>0x20000534</run_address>
         <size>0x4</size>
      </object_component>
      <object_component id="oc-1fe">
         <name>.common:chuoi</name>
         <uninitialized>true</uninitialized>
         <run_address>0x200004d4</run_address>
         <size>0x14</size>
      </object_component>
      <object_component id="oc-1ff">
         <name>.common:chuoi_copy</name>
         <uninitialized>true</uninitialized>
         <run_address>0x200004e8</run_address>
         <size>0x14</size>
      </object_component>
      <object_component id="oc-21">
         <name>.stack</name>
         <uninitialized>true</uninitialized>
         <run_address>0x20000270</run_address>
         <size>0x4</size>
         <input_file_ref idref="fl-d4"/>
      </object_component>
      <object_component id="oc-41a">
         <name>.stack</name>
         <uninitialized>true</uninitialized>
         <run_address>0x20000270</run_address>
         <size>0x0</size>
      </object_component>
      <object_component id="oc-b4">
         <name>.debug_info</name>
         <load_address>0x0</load_address>
         <run_address>0x0</run_address>
         <size>0xf4d</size>
         <input_file_ref idref="fl-2"/>
      </object_component>
      <object_component id="oc-11b">
         <name>.debug_info</name>
         <load_address>0xf4d</load_address>
         <run_address>0xf4d</run_address>
         <size>0x1d9</size>
         <input_file_ref idref="fl-2"/>
      </object_component>
      <object_component id="oc-201">
         <name>.debug_info</name>
         <load_address>0x1126</load_address>
         <run_address>0x1126</run_address>
         <size>0xb6</size>
         <input_file_ref idref="fl-2"/>
      </object_component>
      <object_component id="oc-99">
         <name>.debug_info</name>
         <load_address>0x11dc</load_address>
         <run_address>0x11dc</run_address>
         <size>0x2615</size>
         <input_file_ref idref="fl-2"/>
      </object_component>
      <object_component id="oc-6d">
         <name>.debug_info</name>
         <load_address>0x37f1</load_address>
         <run_address>0x37f1</run_address>
         <size>0x26b</size>
         <input_file_ref idref="fl-2"/>
      </object_component>
      <object_component id="oc-af">
         <name>.debug_info</name>
         <load_address>0x3a5c</load_address>
         <run_address>0x3a5c</run_address>
         <size>0x8b</size>
         <input_file_ref idref="fl-2"/>
      </object_component>
      <object_component id="oc-aa">
         <name>.debug_info</name>
         <load_address>0x3ae7</load_address>
         <run_address>0x3ae7</run_address>
         <size>0x297</size>
         <input_file_ref idref="fl-2"/>
      </object_component>
      <object_component id="oc-72">
         <name>.debug_info</name>
         <load_address>0x3d7e</load_address>
         <run_address>0x3d7e</run_address>
         <size>0xbb</size>
         <input_file_ref idref="fl-2"/>
      </object_component>
      <object_component id="oc-2c">
         <name>.debug_info</name>
         <load_address>0x3e39</load_address>
         <run_address>0x3e39</run_address>
         <size>0x29c</size>
         <input_file_ref idref="fl-3"/>
      </object_component>
      <object_component id="oc-10">
         <name>.debug_info</name>
         <load_address>0x40d5</load_address>
         <run_address>0x40d5</run_address>
         <size>0xdb</size>
         <input_file_ref idref="fl-3"/>
      </object_component>
      <object_component id="oc-25">
         <name>.debug_info</name>
         <load_address>0x41b0</load_address>
         <run_address>0x41b0</run_address>
         <size>0x257</size>
         <input_file_ref idref="fl-3"/>
      </object_component>
      <object_component id="oc-33">
         <name>.debug_info</name>
         <load_address>0x4407</load_address>
         <run_address>0x4407</run_address>
         <size>0x84</size>
         <input_file_ref idref="fl-3"/>
      </object_component>
      <object_component id="oc-251">
         <name>.debug_info</name>
         <load_address>0x448b</load_address>
         <run_address>0x448b</run_address>
         <size>0x230</size>
         <input_file_ref idref="fl-9"/>
      </object_component>
      <object_component id="oc-336">
         <name>.debug_info</name>
         <load_address>0x46bb</load_address>
         <run_address>0x46bb</run_address>
         <size>0x167</size>
         <input_file_ref idref="fl-9"/>
      </object_component>
      <object_component id="oc-339">
         <name>.debug_info</name>
         <load_address>0x4822</load_address>
         <run_address>0x4822</run_address>
         <size>0x169</size>
         <input_file_ref idref="fl-9"/>
      </object_component>
      <object_component id="oc-2d1">
         <name>.debug_info</name>
         <load_address>0x498b</load_address>
         <run_address>0x498b</run_address>
         <size>0x15b</size>
         <input_file_ref idref="fl-9"/>
      </object_component>
      <object_component id="oc-d4">
         <name>.debug_info</name>
         <load_address>0x4ae6</load_address>
         <run_address>0x4ae6</run_address>
         <size>0x2a3</size>
         <input_file_ref idref="fl-9"/>
      </object_component>
      <object_component id="oc-26e">
         <name>.debug_info</name>
         <load_address>0x4d89</load_address>
         <run_address>0x4d89</run_address>
         <size>0x2b3</size>
         <input_file_ref idref="fl-9"/>
      </object_component>
      <object_component id="oc-13a">
         <name>.debug_info</name>
         <load_address>0x503c</load_address>
         <run_address>0x503c</run_address>
         <size>0x316</size>
         <input_file_ref idref="fl-9"/>
      </object_component>
      <object_component id="oc-1d3">
         <name>.debug_info</name>
         <load_address>0x5352</load_address>
         <run_address>0x5352</run_address>
         <size>0x27b</size>
         <input_file_ref idref="fl-9"/>
      </object_component>
      <object_component id="oc-115">
         <name>.debug_info</name>
         <load_address>0x55cd</load_address>
         <run_address>0x55cd</run_address>
         <size>0x2b7</size>
         <input_file_ref idref="fl-9"/>
      </object_component>
      <object_component id="oc-133">
         <name>.debug_info</name>
         <load_address>0x5884</load_address>
         <run_address>0x5884</run_address>
         <size>0x285</size>
         <input_file_ref idref="fl-9"/>
      </object_component>
      <object_component id="oc-1cc">
         <name>.debug_info</name>
         <load_address>0x5b09</load_address>
         <run_address>0x5b09</run_address>
         <size>0x280</size>
         <input_file_ref idref="fl-9"/>
      </object_component>
      <object_component id="oc-27c">
         <name>.debug_info</name>
         <load_address>0x5d89</load_address>
         <run_address>0x5d89</run_address>
         <size>0x27e</size>
         <input_file_ref idref="fl-9"/>
      </object_component>
      <object_component id="oc-13f">
         <name>.debug_info</name>
         <load_address>0x6007</load_address>
         <run_address>0x6007</run_address>
         <size>0x2bb</size>
         <input_file_ref idref="fl-9"/>
      </object_component>
      <object_component id="oc-120">
         <name>.debug_info</name>
         <load_address>0x62c2</load_address>
         <run_address>0x62c2</run_address>
         <size>0x27f</size>
         <input_file_ref idref="fl-9"/>
      </object_component>
      <object_component id="oc-145">
         <name>.debug_info</name>
         <load_address>0x6541</load_address>
         <run_address>0x6541</run_address>
         <size>0x2cf</size>
         <input_file_ref idref="fl-9"/>
      </object_component>
      <object_component id="oc-14b">
         <name>.debug_info</name>
         <load_address>0x6810</load_address>
         <run_address>0x6810</run_address>
         <size>0x28f</size>
         <input_file_ref idref="fl-9"/>
      </object_component>
      <object_component id="oc-126">
         <name>.debug_info</name>
         <load_address>0x6a9f</load_address>
         <run_address>0x6a9f</run_address>
         <size>0x28d</size>
         <input_file_ref idref="fl-9"/>
      </object_component>
      <object_component id="oc-246">
         <name>.debug_info</name>
         <load_address>0x6d2c</load_address>
         <run_address>0x6d2c</run_address>
         <size>0x18b</size>
         <input_file_ref idref="fl-9"/>
      </object_component>
      <object_component id="oc-26a">
         <name>.debug_info</name>
         <load_address>0x6eb7</load_address>
         <run_address>0x6eb7</run_address>
         <size>0x20e</size>
         <input_file_ref idref="fl-a"/>
      </object_component>
      <object_component id="oc-267">
         <name>.debug_info</name>
         <load_address>0x70c5</load_address>
         <run_address>0x70c5</run_address>
         <size>0x210</size>
         <input_file_ref idref="fl-a"/>
      </object_component>
      <object_component id="oc-32d">
         <name>.debug_info</name>
         <load_address>0x72d5</load_address>
         <run_address>0x72d5</run_address>
         <size>0x157</size>
         <input_file_ref idref="fl-a"/>
      </object_component>
      <object_component id="oc-260">
         <name>.debug_info</name>
         <load_address>0x742c</load_address>
         <run_address>0x742c</run_address>
         <size>0x2c1</size>
         <input_file_ref idref="fl-a"/>
      </object_component>
      <object_component id="oc-1f6">
         <name>.debug_info</name>
         <load_address>0x76ed</load_address>
         <run_address>0x76ed</run_address>
         <size>0x23e</size>
         <input_file_ref idref="fl-a"/>
      </object_component>
      <object_component id="oc-105">
         <name>.debug_info</name>
         <load_address>0x792b</load_address>
         <run_address>0x792b</run_address>
         <size>0x268</size>
         <input_file_ref idref="fl-a"/>
      </object_component>
      <object_component id="oc-257">
         <name>.debug_info</name>
         <load_address>0x7b93</load_address>
         <run_address>0x7b93</run_address>
         <size>0x27f</size>
         <input_file_ref idref="fl-b"/>
      </object_component>
      <object_component id="oc-24d">
         <name>.debug_info</name>
         <load_address>0x7e12</load_address>
         <run_address>0x7e12</run_address>
         <size>0x14d</size>
         <input_file_ref idref="fl-b"/>
      </object_component>
      <object_component id="oc-f4">
         <name>.debug_info</name>
         <load_address>0x7f5f</load_address>
         <run_address>0x7f5f</run_address>
         <size>0x27d</size>
         <input_file_ref idref="fl-b"/>
      </object_component>
      <object_component id="oc-1f0">
         <name>.debug_info</name>
         <load_address>0x81dc</load_address>
         <run_address>0x81dc</run_address>
         <size>0x2db</size>
         <input_file_ref idref="fl-b"/>
      </object_component>
      <object_component id="oc-cd">
         <name>.debug_info</name>
         <load_address>0x84b7</load_address>
         <run_address>0x84b7</run_address>
         <size>0x2b5</size>
         <input_file_ref idref="fl-b"/>
      </object_component>
      <object_component id="oc-320">
         <name>.debug_info</name>
         <load_address>0x876c</load_address>
         <run_address>0x876c</run_address>
         <size>0x5f</size>
         <input_file_ref idref="fl-b"/>
      </object_component>
      <object_component id="oc-24b">
         <name>.debug_info</name>
         <load_address>0x87cb</load_address>
         <run_address>0x87cb</run_address>
         <size>0x223</size>
         <input_file_ref idref="fl-c"/>
      </object_component>
      <object_component id="oc-326">
         <name>.debug_info</name>
         <load_address>0x89ee</load_address>
         <run_address>0x89ee</run_address>
         <size>0x15a</size>
         <input_file_ref idref="fl-c"/>
      </object_component>
      <object_component id="oc-329">
         <name>.debug_info</name>
         <load_address>0x8b48</load_address>
         <run_address>0x8b48</run_address>
         <size>0x16c</size>
         <input_file_ref idref="fl-c"/>
      </object_component>
      <object_component id="oc-d9">
         <name>.debug_info</name>
         <load_address>0x8cb4</load_address>
         <run_address>0x8cb4</run_address>
         <size>0x2ba</size>
         <input_file_ref idref="fl-c"/>
      </object_component>
      <object_component id="oc-25a">
         <name>.debug_info</name>
         <load_address>0x8f6e</load_address>
         <run_address>0x8f6e</run_address>
         <size>0x2eb</size>
         <input_file_ref idref="fl-c"/>
      </object_component>
      <object_component id="oc-ff">
         <name>.debug_info</name>
         <load_address>0x9259</load_address>
         <run_address>0x9259</run_address>
         <size>0x2e4</size>
         <input_file_ref idref="fl-c"/>
      </object_component>
      <object_component id="oc-10b">
         <name>.debug_info</name>
         <load_address>0x953d</load_address>
         <run_address>0x953d</run_address>
         <size>0x294</size>
         <input_file_ref idref="fl-c"/>
      </object_component>
      <object_component id="oc-c7">
         <name>.debug_info</name>
         <load_address>0x97d1</load_address>
         <run_address>0x97d1</run_address>
         <size>0x292</size>
         <input_file_ref idref="fl-c"/>
      </object_component>
      <object_component id="oc-12c">
         <name>.debug_info</name>
         <load_address>0x9a63</load_address>
         <run_address>0x9a63</run_address>
         <size>0x27f</size>
         <input_file_ref idref="fl-c"/>
      </object_component>
      <object_component id="oc-e3">
         <name>.debug_info</name>
         <load_address>0x9ce2</load_address>
         <run_address>0x9ce2</run_address>
         <size>0x281</size>
         <input_file_ref idref="fl-c"/>
      </object_component>
      <object_component id="oc-f9">
         <name>.debug_info</name>
         <load_address>0x9f63</load_address>
         <run_address>0x9f63</run_address>
         <size>0x28c</size>
         <input_file_ref idref="fl-c"/>
      </object_component>
      <object_component id="oc-255">
         <name>.debug_info</name>
         <load_address>0xa1ef</load_address>
         <run_address>0xa1ef</run_address>
         <size>0x227</size>
         <input_file_ref idref="fl-d"/>
      </object_component>
      <object_component id="oc-381">
         <name>.debug_info</name>
         <load_address>0xa416</load_address>
         <run_address>0xa416</run_address>
         <size>0x157</size>
         <input_file_ref idref="fl-d"/>
      </object_component>
      <object_component id="oc-384">
         <name>.debug_info</name>
         <load_address>0xa56d</load_address>
         <run_address>0xa56d</run_address>
         <size>0x169</size>
         <input_file_ref idref="fl-d"/>
      </object_component>
      <object_component id="oc-2e4">
         <name>.debug_info</name>
         <load_address>0xa6d6</load_address>
         <run_address>0xa6d6</run_address>
         <size>0x27e</size>
         <input_file_ref idref="fl-d"/>
      </object_component>
      <object_component id="oc-1bf">
         <name>.debug_info</name>
         <load_address>0xa954</load_address>
         <run_address>0xa954</run_address>
         <size>0x27f</size>
         <input_file_ref idref="fl-d"/>
      </object_component>
      <object_component id="oc-1e4">
         <name>.debug_info</name>
         <load_address>0xabd3</load_address>
         <run_address>0xabd3</run_address>
         <size>0x2c3</size>
         <input_file_ref idref="fl-d"/>
      </object_component>
      <object_component id="oc-1ea">
         <name>.debug_info</name>
         <load_address>0xae96</load_address>
         <run_address>0xae96</run_address>
         <size>0x28f</size>
         <input_file_ref idref="fl-d"/>
      </object_component>
      <object_component id="oc-1c5">
         <name>.debug_info</name>
         <load_address>0xb125</load_address>
         <run_address>0xb125</run_address>
         <size>0x28d</size>
         <input_file_ref idref="fl-d"/>
      </object_component>
      <object_component id="oc-2dd">
         <name>.debug_info</name>
         <load_address>0xb3b2</load_address>
         <run_address>0xb3b2</run_address>
         <size>0x247</size>
         <input_file_ref idref="fl-d"/>
      </object_component>
      <object_component id="oc-2d7">
         <name>.debug_info</name>
         <load_address>0xb5f9</load_address>
         <run_address>0xb5f9</run_address>
         <size>0x249</size>
         <input_file_ref idref="fl-d"/>
      </object_component>
      <object_component id="oc-1de">
         <name>.debug_info</name>
         <load_address>0xb842</load_address>
         <run_address>0xb842</run_address>
         <size>0x326</size>
         <input_file_ref idref="fl-d"/>
      </object_component>
      <object_component id="oc-1d8">
         <name>.debug_info</name>
         <load_address>0xbb68</load_address>
         <run_address>0xbb68</run_address>
         <size>0x291</size>
         <input_file_ref idref="fl-d"/>
      </object_component>
      <object_component id="oc-1b8">
         <name>.debug_info</name>
         <load_address>0xbdf9</load_address>
         <run_address>0xbdf9</run_address>
         <size>0x253</size>
         <input_file_ref idref="fl-d"/>
      </object_component>
      <object_component id="oc-e9">
         <name>.debug_info</name>
         <load_address>0xc04c</load_address>
         <run_address>0xc04c</run_address>
         <size>0x273</size>
         <input_file_ref idref="fl-d"/>
      </object_component>
      <object_component id="oc-1b2">
         <name>.debug_info</name>
         <load_address>0xc2bf</load_address>
         <run_address>0xc2bf</run_address>
         <size>0x24d</size>
         <input_file_ref idref="fl-d"/>
      </object_component>
      <object_component id="oc-2ee">
         <name>.debug_info</name>
         <load_address>0xc50c</load_address>
         <run_address>0xc50c</run_address>
         <size>0x212</size>
         <input_file_ref idref="fl-e"/>
      </object_component>
      <object_component id="oc-29c">
         <name>.debug_info</name>
         <load_address>0xc71e</load_address>
         <run_address>0xc71e</run_address>
         <size>0x2e9</size>
         <input_file_ref idref="fl-c4"/>
      </object_component>
      <object_component id="oc-184">
         <name>.debug_info</name>
         <load_address>0xca07</load_address>
         <run_address>0xca07</run_address>
         <size>0x7c4</size>
         <input_file_ref idref="fl-c4"/>
      </object_component>
      <object_component id="oc-340">
         <name>.debug_info</name>
         <load_address>0xd1cb</load_address>
         <run_address>0xd1cb</run_address>
         <size>0x46</size>
         <input_file_ref idref="fl-c4"/>
      </object_component>
      <object_component id="oc-289">
         <name>.debug_info</name>
         <load_address>0xd211</load_address>
         <run_address>0xd211</run_address>
         <size>0x39</size>
         <input_file_ref idref="fl-c4"/>
      </object_component>
      <object_component id="oc-29a">
         <name>.debug_info</name>
         <load_address>0xd24a</load_address>
         <run_address>0xd24a</run_address>
         <size>0x2ca</size>
         <input_file_ref idref="fl-c5"/>
      </object_component>
      <object_component id="oc-17d">
         <name>.debug_info</name>
         <load_address>0xd514</load_address>
         <run_address>0xd514</run_address>
         <size>0x24d</size>
         <input_file_ref idref="fl-c5"/>
      </object_component>
      <object_component id="oc-33e">
         <name>.debug_info</name>
         <load_address>0xd761</load_address>
         <run_address>0xd761</run_address>
         <size>0x2f7</size>
         <input_file_ref idref="fl-c6"/>
      </object_component>
      <object_component id="oc-286">
         <name>.debug_info</name>
         <load_address>0xda58</load_address>
         <run_address>0xda58</run_address>
         <size>0x131</size>
         <input_file_ref idref="fl-c6"/>
      </object_component>
      <object_component id="oc-15e">
         <name>.debug_info</name>
         <load_address>0xdb89</load_address>
         <run_address>0xdb89</run_address>
         <size>0x4ac</size>
         <input_file_ref idref="fl-c6"/>
      </object_component>
      <object_component id="oc-2b1">
         <name>.debug_info</name>
         <load_address>0xe035</load_address>
         <run_address>0xe035</run_address>
         <size>0x39b</size>
         <input_file_ref idref="fl-c7"/>
      </object_component>
      <object_component id="oc-18e">
         <name>.debug_info</name>
         <load_address>0xe3d0</load_address>
         <run_address>0xe3d0</run_address>
         <size>0x79b</size>
         <input_file_ref idref="fl-c7"/>
      </object_component>
      <object_component id="oc-2b3">
         <name>.debug_info</name>
         <load_address>0xeb6b</load_address>
         <run_address>0xeb6b</run_address>
         <size>0x39b</size>
         <input_file_ref idref="fl-c8"/>
      </object_component>
      <object_component id="oc-194">
         <name>.debug_info</name>
         <load_address>0xef06</load_address>
         <run_address>0xef06</run_address>
         <size>0x796</size>
         <input_file_ref idref="fl-c8"/>
      </object_component>
      <object_component id="oc-16e">
         <name>.debug_info</name>
         <load_address>0xf69c</load_address>
         <run_address>0xf69c</run_address>
         <size>0x14f</size>
         <input_file_ref idref="fl-c9"/>
      </object_component>
      <object_component id="oc-169">
         <name>.debug_info</name>
         <load_address>0xf7eb</load_address>
         <run_address>0xf7eb</run_address>
         <size>0x12b</size>
         <input_file_ref idref="fl-ca"/>
      </object_component>
      <object_component id="oc-154">
         <name>.debug_info</name>
         <load_address>0xf916</load_address>
         <run_address>0xf916</run_address>
         <size>0x12d</size>
         <input_file_ref idref="fl-ca"/>
      </object_component>
      <object_component id="oc-15a">
         <name>.debug_info</name>
         <load_address>0xfa43</load_address>
         <run_address>0xfa43</run_address>
         <size>0x13d</size>
         <input_file_ref idref="fl-cb"/>
      </object_component>
      <object_component id="oc-164">
         <name>.debug_info</name>
         <load_address>0xfb80</load_address>
         <run_address>0xfb80</run_address>
         <size>0x13d</size>
         <input_file_ref idref="fl-cc"/>
      </object_component>
      <object_component id="oc-173">
         <name>.debug_info</name>
         <load_address>0xfcbd</load_address>
         <run_address>0xfcbd</run_address>
         <size>0x131</size>
         <input_file_ref idref="fl-cd"/>
      </object_component>
      <object_component id="oc-179">
         <name>.debug_info</name>
         <load_address>0xfdee</load_address>
         <run_address>0xfdee</run_address>
         <size>0x12f</size>
         <input_file_ref idref="fl-ce"/>
      </object_component>
      <object_component id="oc-189">
         <name>.debug_info</name>
         <load_address>0xff1d</load_address>
         <run_address>0xff1d</run_address>
         <size>0x131</size>
         <input_file_ref idref="fl-cf"/>
      </object_component>
      <object_component id="oc-8b">
         <name>.debug_info</name>
         <load_address>0x1004e</load_address>
         <run_address>0x1004e</run_address>
         <size>0x31e</size>
         <input_file_ref idref="fl-d0"/>
      </object_component>
      <object_component id="oc-45">
         <name>.debug_info</name>
         <load_address>0x1036c</load_address>
         <run_address>0x1036c</run_address>
         <size>0x1bf</size>
         <input_file_ref idref="fl-d0"/>
      </object_component>
      <object_component id="oc-86">
         <name>.debug_info</name>
         <load_address>0x1052b</load_address>
         <run_address>0x1052b</run_address>
         <size>0x46</size>
         <input_file_ref idref="fl-d0"/>
      </object_component>
      <object_component id="oc-bd">
         <name>.debug_info</name>
         <load_address>0x10571</load_address>
         <run_address>0x10571</run_address>
         <size>0x2c</size>
         <input_file_ref idref="fl-d0"/>
      </object_component>
      <object_component id="oc-43">
         <name>.debug_info</name>
         <load_address>0x1059d</load_address>
         <run_address>0x1059d</run_address>
         <size>0x2a8</size>
         <input_file_ref idref="fl-d1"/>
      </object_component>
      <object_component id="oc-19">
         <name>.debug_info</name>
         <load_address>0x10845</load_address>
         <run_address>0x10845</run_address>
         <size>0x1ea</size>
         <input_file_ref idref="fl-d1"/>
      </object_component>
      <object_component id="oc-3e">
         <name>.debug_info</name>
         <load_address>0x10a2f</load_address>
         <run_address>0x10a2f</run_address>
         <size>0x46</size>
         <input_file_ref idref="fl-d1"/>
      </object_component>
      <object_component id="oc-7e">
         <name>.debug_info</name>
         <load_address>0x10a75</load_address>
         <run_address>0x10a75</run_address>
         <size>0x2c</size>
         <input_file_ref idref="fl-d1"/>
      </object_component>
      <object_component id="oc-7c">
         <name>.debug_info</name>
         <load_address>0x10aa1</load_address>
         <run_address>0x10aa1</run_address>
         <size>0x29e</size>
         <input_file_ref idref="fl-d2"/>
      </object_component>
      <object_component id="oc-15">
         <name>.debug_info</name>
         <load_address>0x10d3f</load_address>
         <run_address>0x10d3f</run_address>
         <size>0x250</size>
         <input_file_ref idref="fl-d2"/>
      </object_component>
      <object_component id="oc-2e">
         <name>.debug_info</name>
         <load_address>0x10f8f</load_address>
         <run_address>0x10f8f</run_address>
         <size>0x60</size>
         <input_file_ref idref="fl-d2"/>
      </object_component>
      <object_component id="oc-b6">
         <name>.debug_info</name>
         <load_address>0x10fef</load_address>
         <run_address>0x10fef</run_address>
         <size>0x46</size>
         <input_file_ref idref="fl-d2"/>
      </object_component>
      <object_component id="oc-77">
         <name>.debug_info</name>
         <load_address>0x11035</load_address>
         <run_address>0x11035</run_address>
         <size>0x39</size>
         <input_file_ref idref="fl-d2"/>
      </object_component>
      <object_component id="oc-349">
         <name>.debug_info</name>
         <load_address>0x1106e</load_address>
         <run_address>0x1106e</run_address>
         <size>0x289</size>
         <input_file_ref idref="fl-d3"/>
      </object_component>
      <object_component id="oc-346">
         <name>.debug_info</name>
         <load_address>0x112f7</load_address>
         <run_address>0x112f7</run_address>
         <size>0x10e</size>
         <input_file_ref idref="fl-d3"/>
      </object_component>
      <object_component id="oc-294">
         <name>.debug_info</name>
         <load_address>0x11405</load_address>
         <run_address>0x11405</run_address>
         <size>0x14e</size>
         <input_file_ref idref="fl-d3"/>
      </object_component>
      <object_component id="oc-22">
         <name>.debug_info</name>
         <load_address>0x11553</load_address>
         <run_address>0x11553</run_address>
         <size>0x10b</size>
         <input_file_ref idref="fl-d4"/>
      </object_component>
      <object_component id="oc-59">
         <name>.debug_info</name>
         <load_address>0x1165e</load_address>
         <run_address>0x1165e</run_address>
         <size>0x1af</size>
         <input_file_ref idref="fl-d4"/>
      </object_component>
      <object_component id="oc-206">
         <name>.debug_info</name>
         <load_address>0x1180d</load_address>
         <run_address>0x1180d</run_address>
         <size>0x122</size>
         <input_file_ref idref="fl-d5"/>
      </object_component>
      <object_component id="oc-2cb">
         <name>.debug_info</name>
         <load_address>0x1192f</load_address>
         <run_address>0x1192f</run_address>
         <size>0x2b9</size>
         <input_file_ref idref="fl-d8"/>
      </object_component>
      <object_component id="oc-1a9">
         <name>.debug_info</name>
         <load_address>0x11be8</load_address>
         <run_address>0x11be8</run_address>
         <size>0x17c</size>
         <input_file_ref idref="fl-d8"/>
      </object_component>
      <object_component id="oc-379">
         <name>.debug_info</name>
         <load_address>0x11d64</load_address>
         <run_address>0x11d64</run_address>
         <size>0xf9</size>
         <input_file_ref idref="fl-d9"/>
      </object_component>
      <object_component id="oc-2c8">
         <name>.debug_info</name>
         <load_address>0x11e5d</load_address>
         <run_address>0x11e5d</run_address>
         <size>0x105</size>
         <input_file_ref idref="fl-d9"/>
      </object_component>
      <object_component id="oc-2c6">
         <name>.debug_info</name>
         <load_address>0x11f62</load_address>
         <run_address>0x11f62</run_address>
         <size>0x2a4</size>
         <input_file_ref idref="fl-da"/>
      </object_component>
      <object_component id="oc-1a6">
         <name>.debug_info</name>
         <load_address>0x12206</load_address>
         <run_address>0x12206</run_address>
         <size>0x252</size>
         <input_file_ref idref="fl-da"/>
      </object_component>
      <object_component id="oc-2c4">
         <name>.debug_info</name>
         <load_address>0x12458</load_address>
         <run_address>0x12458</run_address>
         <size>0x2fe</size>
         <input_file_ref idref="fl-db"/>
      </object_component>
      <object_component id="oc-2c1">
         <name>.debug_info</name>
         <load_address>0x12756</load_address>
         <run_address>0x12756</run_address>
         <size>0x105</size>
         <input_file_ref idref="fl-db"/>
      </object_component>
      <object_component id="oc-19e">
         <name>.debug_info</name>
         <load_address>0x1285b</load_address>
         <run_address>0x1285b</run_address>
         <size>0x1ab</size>
         <input_file_ref idref="fl-db"/>
      </object_component>
      <object_component id="oc-360">
         <name>.debug_info</name>
         <load_address>0x12a06</load_address>
         <run_address>0x12a06</run_address>
         <size>0x3aa</size>
         <input_file_ref idref="fl-dc"/>
      </object_component>
      <object_component id="oc-35d">
         <name>.debug_info</name>
         <load_address>0x12db0</load_address>
         <run_address>0x12db0</run_address>
         <size>0x13a</size>
         <input_file_ref idref="fl-dc"/>
      </object_component>
      <object_component id="oc-2a5">
         <name>.debug_info</name>
         <load_address>0x12eea</load_address>
         <run_address>0x12eea</run_address>
         <size>0x72f</size>
         <input_file_ref idref="fl-dc"/>
      </object_component>
      <object_component id="oc-3c9">
         <name>.debug_info</name>
         <load_address>0x13619</load_address>
         <run_address>0x13619</run_address>
         <size>0x39</size>
         <input_file_ref idref="fl-dc"/>
      </object_component>
      <object_component id="oc-362">
         <name>.debug_info</name>
         <load_address>0x13652</load_address>
         <run_address>0x13652</run_address>
         <size>0x2c</size>
         <input_file_ref idref="fl-dc"/>
      </object_component>
      <object_component id="oc-34f">
         <name>.debug_info</name>
         <load_address>0x1367e</load_address>
         <run_address>0x1367e</run_address>
         <size>0x28d</size>
         <input_file_ref idref="fl-dd"/>
      </object_component>
      <object_component id="oc-29f">
         <name>.debug_info</name>
         <load_address>0x1390b</load_address>
         <run_address>0x1390b</run_address>
         <size>0x327</size>
         <input_file_ref idref="fl-dd"/>
      </object_component>
      <object_component id="oc-368">
         <name>.debug_info</name>
         <load_address>0x13c32</load_address>
         <run_address>0x13c32</run_address>
         <size>0x292</size>
         <input_file_ref idref="fl-de"/>
      </object_component>
      <object_component id="oc-2ab">
         <name>.debug_info</name>
         <load_address>0x13ec4</load_address>
         <run_address>0x13ec4</run_address>
         <size>0x380</size>
         <input_file_ref idref="fl-de"/>
      </object_component>
      <object_component id="oc-3c4">
         <name>.debug_info</name>
         <load_address>0x14244</load_address>
         <run_address>0x14244</run_address>
         <size>0x28f</size>
         <input_file_ref idref="fl-df"/>
      </object_component>
      <object_component id="oc-357">
         <name>.debug_info</name>
         <load_address>0x144d3</load_address>
         <run_address>0x144d3</run_address>
         <size>0x22a</size>
         <input_file_ref idref="fl-df"/>
      </object_component>
      <object_component id="oc-3c2">
         <name>.debug_info</name>
         <load_address>0x146fd</load_address>
         <run_address>0x146fd</run_address>
         <size>0x2fd</size>
         <input_file_ref idref="fl-e0"/>
      </object_component>
      <object_component id="oc-351">
         <name>.debug_info</name>
         <load_address>0x149fa</load_address>
         <run_address>0x149fa</run_address>
         <size>0x225</size>
         <input_file_ref idref="fl-e0"/>
      </object_component>
      <object_component id="oc-3b">
         <name>.debug_info</name>
         <load_address>0x14c1f</load_address>
         <run_address>0x14c1f</run_address>
         <size>0x11c</size>
[...]
         <object_component_ref idref="oc-98"/>
      </symbol>
      <symbol id="sm-181">
         <name>Timer_ISR_6</name>
         <value>0x6b1</value>
         <object_component_ref idref="oc-98"/>
      </symbol>
      <symbol id="sm-182">
         <name>Timer_ISR_5</name>
         <value>0x5c9</value>
         <object_component_ref idref="oc-98"/>
      </symbol>
      <symbol id="sm-183">
         <name>Timer_ISR_4</name>
         <value>0x4eb</value>
         <object_component_ref idref="oc-98"/>
      </symbol>
      <symbol id="sm-184">
         <name>Timer_ISR_3</name>
         <value>0x419</value>
         <object_component_ref idref="oc-98"/>
      </symbol>
      <symbol id="sm-185">
         <name>Timer_ISR_2</name>
         <value>0x343</value>
         <object_component_ref idref="oc-98"/>
      </symbol>
      <symbol id="sm-186">
         <name>Timer_ISR_1</name>
         <value>0x26d</value>
         <object_component_ref idref="oc-98"/>
      </symbol>
      <symbol id="sm-187">
         <name>Timer_ISR_8</name>
         <value>0x7c1</value>
         <object_component_ref idref="oc-98"/>
      </symbol>
      <symbol id="sm-188">
         <name>gap_status</name>
         <value>0x20000561</value>
         <object_component_ref idref="oc-11a"/>
      </symbol>
      <symbol id="sm-189">
         <name>quay</name>
         <value>0xe69</value>
         <object_component_ref idref="oc-98"/>
      </symbol>
      <symbol id="sm-18a">
         <name>UART_ISR</name>
         <value>0x1489</value>
         <object_component_ref idref="oc-98"/>
      </symbol>
      <symbol id="sm-18b">
         <name>main</name>
         <value>0x15b9</value>
         <object_component_ref idref="oc-98"/>
      </symbol>
      <symbol id="sm-18c">
         <name>gap</name>
         <value>0x1283</value>
         <object_component_ref idref="oc-98"/>
      </symbol>
      <symbol id="sm-18d">
         <name>trung_gian_status</name>
         <value>0x20000562</value>
         <object_component_ref idref="oc-11a"/>
      </symbol>
      <symbol id="sm-18e">
         <name>Config_Switch</name>
         <value>0xb35</value>
         <object_component_ref idref="oc-98"/>
      </symbol>
      <symbol id="sm-18f">
         <name>Config_Dong_co_2</name>
         <value>0xa4b</value>
         <object_component_ref idref="oc-98"/>
      </symbol>
      <symbol id="sm-190">
         <name>Config_Dong_co_3</name>
         <value>0xa6b</value>
         <object_component_ref idref="oc-98"/>
      </symbol>
      <symbol id="sm-191">
         <name>Config_Dong_co_1</name>
         <value>0xa2b</value>
         <object_component_ref idref="oc-98"/>
      </symbol>
      <symbol id="sm-192">
         <name>Config_Dong_co_6</name>
         <value>0xac9</value>
         <object_component_ref idref="oc-98"/>
      </symbol>
      <symbol id="sm-193">
         <name>Config_Dong_co_4</name>
         <value>0xa87</value>
         <object_component_ref idref="oc-98"/>
      </symbol>
      <symbol id="sm-194">
         <name>Config_Dong_co_5</name>
         <value>0xaa3</value>
         <object_component_ref idref="oc-98"/>
      </symbol>
      <symbol id="sm-195">
         <name>UARTGetBuffer</name>
         <value>0x1419</value>
         <object_component_ref idref="oc-98"/>
      </symbol>
      <symbol id="sm-196">
         <name>bat_dau_qua_trinh</name>
         <value>0x20000565</value>
         <object_component_ref idref="oc-11a"/>
      </symbol>
      <symbol id="sm-197">
         <name>tha</name>
         <value>0x1389</value>
         <object_component_ref idref="oc-98"/>
      </symbol>
      <symbol id="sm-198">
         <name>xu_li_chuoi</name>
         <value>0x1399</value>
         <object_component_ref idref="oc-98"/>
      </symbol>
      <symbol id="sm-199">
         <name>chuan_bi_tha</name>
         <value>0x12b3</value>
         <object_component_ref idref="oc-98"/>
      </symbol>
      <symbol id="sm-19a">
         <name>so_qua</name>
         <value>0x20000566</value>
         <object_component_ref idref="oc-11a"/>
      </symbol>
      <symbol id="sm-19b">
         <name>Config_UART</name>
         <value>0x1541</value>
         <object_component_ref idref="oc-98"/>
      </symbol>
      <symbol id="sm-19c">
         <name>chuan_bi_tha_status</name>
         <value>0x20000563</value>
         <object_component_ref idref="oc-11a"/>
      </symbol>
      <symbol id="sm-1bd">
         <name>ResetISR</name>
         <value>0x4659</value>
         <object_component_ref idref="oc-24"/>
      </symbol>
      <symbol id="sm-1be">
         <name>g_pfnVectors</name>
         <value>0x0</value>
         <object_component_ref idref="oc-f"/>
      </symbol>
      <symbol id="sm-254">
         <name>GPIOIntRegister</name>
         <value>0x44fd</value>
         <object_component_ref idref="oc-144"/>
      </symbol>
      <symbol id="sm-255">
         <name>GPIOPinConfigure</name>
         <value>0x4199</value>
         <object_component_ref idref="oc-1cb"/>
      </symbol>
      <symbol id="sm-256">
         <name>GPIOIntEnable</name>
         <value>0x464d</value>
         <object_component_ref idref="oc-14a"/>
      </symbol>
      <symbol id="sm-257">
         <name>GPIOIntTypeSet</name>
         <value>0x40a9</value>
         <object_component_ref idref="oc-13e"/>
      </symbol>
      <symbol id="sm-258">
         <name>GPIOPinTypeGPIOInput</name>
         <value>0x45b1</value>
         <object_component_ref idref="oc-132"/>
      </symbol>
      <symbol id="sm-259">
         <name>GPIOIntClear</name>
         <value>0x469d</value>
         <object_component_ref idref="oc-125"/>
      </symbol>
      <symbol id="sm-25a">
         <name>GPIOPinTypeUART</name>
         <value>0x45c3</value>
         <object_component_ref idref="oc-1d1"/>
      </symbol>
      <symbol id="sm-25b">
         <name>GPIOIntStatus</name>
         <value>0x4609</value>
         <object_component_ref idref="oc-11f"/>
      </symbol>
      <symbol id="sm-25c">
         <name>GPIOPinTypeGPIOOutput</name>
         <value>0x4515</value>
         <object_component_ref idref="oc-114"/>
      </symbol>
      <symbol id="sm-25d">
         <name>GPIODirModeSet</name>
         <value>0x4443</value>
         <object_component_ref idref="oc-26c"/>
      </symbol>
      <symbol id="sm-25e">
         <name>GPIOPinWrite</name>
         <value>0x46a3</value>
         <object_component_ref idref="oc-d2"/>
      </symbol>
      <symbol id="sm-25f">
         <name>GPIOPadConfigSet</name>
         <value>0x3797</value>
         <object_component_ref idref="oc-138"/>
      </symbol>
      <symbol id="sm-2a1">
         <name>IntEnable</name>
         <value>0x3f79</value>
         <object_component_ref idref="oc-104"/>
      </symbol>
      <symbol id="sm-2a2">
         <name>IntRegister</name>
         <value>0x43ad</value>
         <object_component_ref idref="oc-25f"/>
      </symbol>
      <symbol id="sm-2a3">
         <name>g_pfnRAMVectors</name>
         <value>0x20000000</value>
         <object_component_ref idref="oc-32c"/>
      </symbol>
      <symbol id="sm-2a4">
         <name>IntMasterEnable</name>
         <value>0x45f9</value>
         <object_component_ref idref="oc-1f5"/>
      </symbol>
      <symbol id="sm-2f6">
         <name>SysCtlClockSet</name>
         <value>0x3cdd</value>
         <object_component_ref idref="oc-1ef"/>
      </symbol>
      <symbol id="sm-2f7">
         <name>SysCtlDelay</name>
         <value>0x46a9</value>
         <object_component_ref idref="oc-2eb"/>
      </symbol>
      <symbol id="sm-2f8">
         <name>SysCtlPeripheralEnable</name>
         <value>0x43e1</value>
         <object_component_ref idref="oc-f2"/>
      </symbol>
      <symbol id="sm-2f9">
         <name>SysCtlClockGet</name>
         <value>0x38c9</value>
         <object_component_ref idref="oc-cc"/>
      </symbol>
      <symbol id="sm-35e">
         <name>TimerLoadSet</name>
         <value>0x45d5</value>
         <object_component_ref idref="oc-d8"/>
      </symbol>
      <symbol id="sm-35f">
         <name>TimerDisable</name>
         <value>0x452d</value>
         <object_component_ref idref="oc-e2"/>
      </symbol>
      <symbol id="sm-360">
         <name>TimerIntRegister</name>
         <value>0x4545</value>
         <object_component_ref idref="oc-fe"/>
      </symbol>
      <symbol id="sm-361">
         <name>TimerEnable</name>
         <value>0x4617</value>
         <object_component_ref idref="oc-12b"/>
      </symbol>
      <symbol id="sm-362">
         <name>TimerIntEnable</name>
         <value>0x4683</value>
         <object_component_ref idref="oc-10a"/>
      </symbol>
      <symbol id="sm-363">
         <name>TimerConfigure</name>
         <value>0x4049</value>
         <object_component_ref idref="oc-f8"/>
      </symbol>
      <symbol id="sm-364">
         <name>TimerIntClear</name>
         <value>0x46b5</value>
         <object_component_ref idref="oc-c6"/>
      </symbol>
      <symbol id="sm-3e6">
         <name>UARTConfigSetExpClk</name>
         <value>0x4229</value>
         <object_component_ref idref="oc-1dd"/>
      </symbol>
      <symbol id="sm-3e7">
         <name>UARTDisable</name>
         <value>0x44bd</value>
         <object_component_ref idref="oc-2d6"/>
      </symbol>
      <symbol id="sm-3e8">
         <name>UARTIntEnable</name>
         <value>0x468b</value>
         <object_component_ref idref="oc-1e9"/>
      </symbol>
      <symbol id="sm-3e9">
         <name>UARTCharsAvail</name>
         <value>0x4625</value>
         <object_component_ref idref="oc-1b7"/>
      </symbol>
      <symbol id="sm-3ea">
         <name>UARTClockSourceSet</name>
         <value>0x46af</value>
         <object_component_ref idref="oc-1d7"/>
      </symbol>
      <symbol id="sm-3eb">
         <name>UARTCharPut</name>
         <value>0x466f</value>
         <object_component_ref idref="oc-e8"/>
      </symbol>
      <symbol id="sm-3ec">
         <name>UARTEnable</name>
         <value>0x4575</value>
         <object_component_ref idref="oc-2dc"/>
      </symbol>
      <symbol id="sm-3ed">
         <name>UARTIntClear</name>
         <value>0x46b9</value>
         <object_component_ref idref="oc-1c4"/>
      </symbol>
      <symbol id="sm-3ee">
         <name>UARTIntStatus</name>
         <value>0x4679</value>
         <object_component_ref idref="oc-1be"/>
      </symbol>
      <symbol id="sm-3ef">
         <name>UARTCharGet</name>
         <value>0x4665</value>
         <object_component_ref idref="oc-1b1"/>
      </symbol>
      <symbol id="sm-3f0">
         <name>UARTIntRegister</name>
         <value>0x455d</value>
         <object_component_ref idref="oc-1e3"/>
      </symbol>
      <symbol id="sm-3fa">
         <name>CPUcpsie</name>
         <value>0x4641</value>
         <object_component_ref idref="oc-2ed"/>
      </symbol>
      <symbol id="sm-436">
         <name>acosl</name>
         <value>0x2969</value>
         <object_component_ref idref="oc-182"/>
      </symbol>
      <symbol id="sm-437">
         <name>acos</name>
         <value>0x2969</value>
         <object_component_ref idref="oc-182"/>
      </symbol>
      <symbol id="sm-459">
         <name>sqrtl</name>
         <value>0x3509</value>
         <object_component_ref idref="oc-17c"/>
      </symbol>
      <symbol id="sm-45a">
         <name>sqrt</name>
         <value>0x3509</value>
         <object_component_ref idref="oc-17c"/>
      </symbol>
      <symbol id="sm-490">
         <name>atanl</name>
         <value>0x2d85</value>
         <object_component_ref idref="oc-15d"/>
      </symbol>
      <symbol id="sm-491">
         <name>atan</name>
         <value>0x2d85</value>
         <object_component_ref idref="oc-15d"/>
      </symbol>
      <symbol id="sm-4e2">
         <name>cosl</name>
         <value>0x1dc9</value>
         <object_component_ref idref="oc-18d"/>
      </symbol>
      <symbol id="sm-4e3">
         <name>cos</name>
         <value>0x1dc9</value>
         <object_component_ref idref="oc-18d"/>
      </symbol>
      <symbol id="sm-52f">
         <name>sin</name>
         <value>0x23a5</value>
         <object_component_ref idref="oc-193"/>
      </symbol>
      <symbol id="sm-530">
         <name>sinl</name>
         <value>0x23a5</value>
         <object_component_ref idref="oc-193"/>
      </symbol>
      <symbol id="sm-547">
         <name>__aeabi_dsub</name>
         <value>0x3071</value>
         <object_component_ref idref="oc-16d"/>
      </symbol>
      <symbol id="sm-548">
         <name>__aeabi_dadd</name>
         <value>0x307b</value>
         <object_component_ref idref="oc-16d"/>
      </symbol>
      <symbol id="sm-56a">
         <name>__aeabi_cdcmpeq</name>
         <value>0x3e6d</value>
         <object_component_ref idref="oc-168"/>
      </symbol>
      <symbol id="sm-56b">
         <name>__aeabi_cdcmple</name>
         <value>0x3e6d</value>
         <object_component_ref idref="oc-168"/>
      </symbol>
      <symbol id="sm-56c">
         <name>__aeabi_cdrcmple</name>
         <value>0x3ef3</value>
         <object_component_ref idref="oc-153"/>
      </symbol>
      <symbol id="sm-580">
         <name>__aeabi_ddiv</name>
         <value>0x3661</value>
         <object_component_ref idref="oc-158"/>
      </symbol>
      <symbol id="sm-58b">
         <name>__aeabi_dmul</name>
         <value>0x3ae9</value>
         <object_component_ref idref="oc-163"/>
      </symbol>
      <symbol id="sm-595">
         <name>__aeabi_d2iz</name>
         <value>0x41e1</value>
         <object_component_ref idref="oc-172"/>
      </symbol>
      <symbol id="sm-59f">
         <name>__aeabi_i2d</name>
         <value>0x4415</value>
         <object_component_ref idref="oc-177"/>
      </symbol>
      <symbol id="sm-5a9">
         <name>__aeabi_ui2d</name>
         <value>0x44dd</value>
         <object_component_ref idref="oc-188"/>
      </symbol>
      <symbol id="sm-5c2">
         <name>__TI_zero_init_nomemset</name>
         <value>0x45e7</value>
         <object_component_ref idref="oc-44"/>
      </symbol>
      <symbol id="sm-5d9">
         <name>__TI_decompress_none</name>
         <value>0x4633</value>
         <object_component_ref idref="oc-18"/>
      </symbol>
      <symbol id="sm-5fc">
         <name>__TI_decompress_lzss</name>
         <value>0x3fe1</value>
         <object_component_ref idref="oc-12"/>
      </symbol>
      <symbol id="sm-612">
         <name>__aeabi_errno_addr</name>
         <value>0x4695</value>
         <object_component_ref idref="oc-293"/>
      </symbol>
      <symbol id="sm-613">
         <name>errno</name>
         <value>0x2000056c</value>
         <object_component_ref idref="oc-345"/>
      </symbol>
      <symbol id="sm-626">
         <name>__stack</name>
         <value>0x20000270</value>
         <object_component_ref idref="oc-21"/>
      </symbol>
      <symbol id="sm-627">
         <name>_c_int00_noargs</name>
         <value>0x4375</value>
         <object_component_ref idref="oc-56"/>
      </symbol>
      <symbol id="sm-632">
         <name>C$$EXIT</name>
         <value>0x46c1</value>
         <object_component_ref idref="oc-205"/>
      </symbol>
      <symbol id="sm-633">
         <name>abort</name>
         <value>0x46c1</value>
         <object_component_ref idref="oc-205"/>
      </symbol>
      <symbol id="sm-64b">
         <name>atoi</name>
         <value>0x414d</value>
         <object_component_ref idref="oc-1a8"/>
      </symbol>
      <symbol id="sm-656">
         <name>_ctypes_</name>
         <value>0x4820</value>
         <object_component_ref idref="oc-2c7"/>
      </symbol>
      <symbol id="sm-664">
         <name>strcpy</name>
         <value>0x459d</value>
         <object_component_ref idref="oc-1a2"/>
      </symbol>
      <symbol id="sm-67c">
         <name>strtok</name>
         <value>0x4335</value>
         <object_component_ref idref="oc-19c"/>
      </symbol>
      <symbol id="sm-6ec">
         <name>__kernel_rem_pio2</name>
         <value>0x1691</value>
         <object_component_ref idref="oc-2a4"/>
      </symbol>
      <symbol id="sm-702">
         <name>__kernel_cos</name>
         <value>0x339d</value>
         <object_component_ref idref="oc-29e"/>
      </symbol>
      <symbol id="sm-719">
         <name>__kernel_sin</name>
         <value>0x3229</value>
         <object_component_ref idref="oc-2aa"/>
      </symbol>
      <symbol id="sm-736">
         <name>floorl</name>
         <value>0x3be5</value>
         <object_component_ref idref="oc-356"/>
      </symbol>
      <symbol id="sm-737">
         <name>floor</name>
         <value>0x3be5</value>
         <object_component_ref idref="oc-356"/>
      </symbol>
      <symbol id="sm-754">
         <name>scalbn</name>
         <value>0x39d9</value>
         <object_component_ref idref="oc-350"/>
      </symbol>
      <symbol id="sm-755">
         <name>scalbnl</name>
         <value>0x39d9</value>
         <object_component_ref idref="oc-350"/>
      </symbol>
      <symbol id="sm-756">
         <name>ldexpl</name>
         <value>0x39d9</value>
         <object_component_ref idref="oc-350"/>
      </symbol>
      <symbol id="sm-757">
         <name>ldexp</name>
         <value>0x39d9</value>
         <object_component_ref idref="oc-350"/>
      </symbol>
      <symbol id="sm-772">
         <name>memcpy</name>
         <value>0x3dd1</value>
         <object_component_ref idref="oc-38"/>
      </symbol>
      <symbol id="sm-773">
         <name>__aeabi_memcpy</name>
         <value>0x3dd1</value>
         <object_component_ref idref="oc-38"/>
      </symbol>
      <symbol id="sm-774">
         <name>__aeabi_memcpy8</name>
         <value>0x3dd1</value>
         <object_component_ref idref="oc-38"/>
      </symbol>
      <symbol id="sm-775">
         <name>__aeabi_memcpy4</name>
         <value>0x3dd1</value>
         <object_component_ref idref="oc-38"/>
      </symbol>
      <symbol id="sm-79e">
         <name>__TI_auto_init_nobinit_nopinit</name>
         <value>0x4271</value>
         <object_component_ref idref="oc-211"/>
      </symbol>
      <symbol id="sm-7a8">
         <name>_system_pre_init</name>
         <value>0x46bd</value>
         <object_component_ref idref="oc-92"/>
      </symbol>
      <symbol id="sm-7ba">
         <name>strcspn</name>
         <value>0x4497</value>
         <object_component_ref idref="oc-2ba"/>
      </symbol>
      <symbol id="sm-7cc">
         <name>strspn</name>
         <value>0x446d</value>
         <object_component_ref idref="oc-2b4"/>
      </symbol>
      <symbol id="sm-7d6">
         <name>copysign</name>
         <value>0x4589</value>
         <object_component_ref idref="oc-3bb"/>
      </symbol>
      <symbol id="sm-7d7">
         <name>copysignl</name>
         <value>0x4589</value>
         <object_component_ref idref="oc-3bb"/>
      </symbol>
      <symbol id="sm-7d8">
         <name>__TI_static_base__</name>
         <value>0x0</value>
      </symbol>
      <symbol id="sm-7db">
         <name>__mpu_init</name>
         <value>0x0</value>
      </symbol>
      <symbol id="sm-7dc">
         <name>_system_post_cinit</name>
         <value>0x0</value>
      </symbol>
   </symbol_table>
   <title>Link successful</title>
</link_info>
